// Jest Snapshot v1, https://goo.gl/fbAQLP

exports[`[Stack] navigator should renders without crashing 1`] = `
<View
  style={
    Object {
      "flex": 1,
    }
  }
>
  <RNCSafeAreaProvider
    onInsetsChange={[Function]}
    style={
      Array [
        Object {
          "flex": 1,
        },
        undefined,
      ]
    }
  >
    <View
      onLayout={[Function]}
      style={
        Object {
          "flex": 1,
        }
      }
    >
      <View
        pointerEvents="box-none"
        style={
          Object {
            "bottom": 0,
            "left": 0,
            "position": "absolute",
            "right": 0,
            "top": 0,
          }
        }
      >
        <View
          collapsable={false}
          style={
            Object {
              "opacity": 1,
            }
          }
        />
        <View
          accessibilityElementsHidden={false}
          closing={false}
          gestureVelocityImpact={0.3}
          importantForAccessibility="auto"
          onClose={[Function]}
          onGestureBegin={[Function]}
          onGestureCanceled={[Function]}
          onGestureEnd={[Function]}
          onOpen={[Function]}
          onTransitionStart={[Function]}
          pointerEvents="box-none"
          style={
            Object {
              "bottom": 0,
              "left": 0,
              "position": "absolute",
              "right": 0,
              "top": 0,
            }
          }
          transitionSpec={
            Object {
              "close": Object {
                "animation": "spring",
                "config": Object {
                  "damping": 500,
                  "mass": 3,
                  "overshootClamping": true,
                  "restDisplacementThreshold": 10,
                  "restSpeedThreshold": 10,
                  "stiffness": 1000,
                },
              },
              "open": Object {
                "animation": "spring",
                "config": Object {
                  "damping": 500,
                  "mass": 3,
                  "overshootClamping": true,
                  "restDisplacementThreshold": 10,
                  "restSpeedThreshold": 10,
                  "stiffness": 1000,
                },
              },
            }
          }
        >
          <View
            pointerEvents="box-none"
            style={
              Object {
                "flex": 1,
                "marginTop": 0,
              }
            }
          >
            <View
              collapsable={false}
              forwardedRef={[Function]}
              onGestureHandlerEvent={[Function]}
              onGestureHandlerStateChange={[Function]}
              style={
                Object {
                  "flex": 1,
                  "transform": Array [
                    Object {
                      "translateX": 0,
                    },
                    Object {
                      "translateX": 0,
                    },
                  ],
                }
              }
            >
              <View
                pointerEvents="none"
                style={
                  Object {
                    "backgroundColor": "rgb(242, 242, 242)",
                    "bottom": 0,
                    "left": 0,
                    "position": "absolute",
                    "shadowColor": "#000",
                    "shadowOffset": Object {
                      "height": 1,
                      "width": -1,
                    },
                    "shadowOpacity": 0.3,
                    "shadowRadius": 5,
                    "top": 0,
                    "width": 3,
                  }
                }
              />
              <View
                style={
                  Array [
                    Object {
                      "flex": 1,
                      "overflow": "hidden",
                    },
                    Array [
                      Object {
                        "backgroundColor": "rgb(242, 242, 242)",
                      },
                      undefined,
                    ],
                  ]
                }
              >
                <View
                  style={
                    Object {
                      "flex": 1,
                      "flexDirection": "column-reverse",
                    }
                  }
                >
                  <View
                    style={
                      Object {
                        "flex": 1,
                      }
                    }
                  >
                    <RCTSafeAreaView
                      emulateUnlessSupported={true}
                      style={
                        Array [
                          Object {
                            "backgroundColor": "#ffffff",
                            "flexBasis": 0,
                            "flexGrow": 1,
                            "flexShrink": 1,
                            "justifyContent": "center",
                          },
                        ]
                      }
                    >
                      <RCTScrollView
                        style={
                          Array [
                            Object {
                              "alignSelf": "center",
                              "width": "100%",
                            },
                          ]
                        }
                      >
                        <View>
                          <View
                            accessible={true}
                            focusable={true}
                            onClick={[Function]}
                            onResponderGrant={[Function]}
                            onResponderMove={[Function]}
                            onResponderRelease={[Function]}
                            onResponderTerminate={[Function]}
                            onResponderTerminationRequest={[Function]}
                            onStartShouldSetResponder={[Function]}
                            style={
                              Object {
                                "left": Object {
                                  " __value": 0,
                                },
                                "opacity": 1,
                                "position": "absolute",
                                "top": Object {
                                  " __value": 0,
                                },
                                "transform": Array [
                                  Object {
                                    "scale": AnimatedValue {
                                      " __value": 0,
                                    },
                                  },
                                ],
                                "zIndex": 15,
                              }
                            }
                            testID="theme-test"
                          >
                            <Image
                              source={
                                Object {
                                  "canInstrument": true,
                                  "createTransformer": [Function],
                                  "getCacheKey": [Function],
                                  "process": [Function],
                                }
                              }
                              style={
                                Object {
                                  "height": 80,
                                  "resizeMode": "cover",
                                  "width": 80,
                                }
                              }
                            />
                          </View>
                          <View
                            style={
                              Array [
                                Object {
                                  "marginBottom": 40,
                                  "marginLeft": 40,
                                  "marginRight": 40,
                                  "marginTop": 40,
                                },
                              ]
                            }
                          >
                            <View
                              style={
                                Array [
                                  Object {
                                    "marginBottom": 72,
                                    "marginTop": 44,
                                  },
                                ]
                              }
                            >
                              <View
                                style={
                                  Object {
                                    "height": 72,
                                  }
                                }
                              />
                              <Text
                                style={
                                  Array [
                                    Object {
                                      "alignSelf": "flex-start",
                                      "color": "#151A25",
                                      "fontSize": 20,
                                      "fontWeight": "bold",
                                      "marginLeft": 6,
                                    },
                                  ]
                                }
                              >
                                Hello
                              </Text>
                            </View>
                            <View
                              style={
                                Array [
                                  Object {
                                    "alignSelf": "stretch",
                                    "flexDirection": "column",
                                  },
                                  Object {
                                    "marginBottom": 20,
                                  },
                                ]
                              }
                            >
                              <View
                                style={
                                  Array [
                                    Object {
                                      "alignItems": "center",
                                      "flexDirection": "row",
                                      "justifyContent": "space-between",
                                      "width": "100%",
                                    },
                                    Object {
                                      "borderBottomWidth": 0.6,
                                      "borderColor": "#2E2E2E",
                                    },
                                    undefined,
                                    false,
                                    undefined,
                                  ]
                                }
                              >
                                <Text
                                  style={
                                    Array [
                                      Object {
                                        "color": "#b9b9c4",
                                        "fontSize": 14,
                                        "fontWeight": "bold",
                                      },
                                      undefined,
                                      false,
                                      Object {
                                        "width": 110,
                                      },
                                    ]
                                  }
                                >
                                  Email
                                </Text>
                                <TextInput
                                  allowFontScaling={true}
                                  autoCapitalize="none"
                                  multiline={false}
                                  onBlur={[Function]}
                                  onChangeText={[Function]}
                                  onFocus={[Function]}
                                  onSubmitEditing={[Function]}
                                  placeholder="hello@example.com"
                                  placeholderTextColor="#676c7a"
                                  rejectResponderTermination={true}
                                  style={
                                    Array [
                                      Object {
                                        "color": "#2c374e",
                                        "flexBasis": 0,
                                        "flexGrow": 1,
                                        "flexShrink": 1,
                                        "fontSize": 14,
                                        "fontWeight": "bold",
                                        "height": "100%",
                                        "paddingBottom": 16,
                                        "paddingTop": 16,
                                      },
                                      Object {
                                        "color": "#151A25",
                                      },
                                      Object {
                                        "textAlign": "left",
                                      },
                                    ]
                                  }
                                  testID="input-email"
                                  underlineColorAndroid="transparent"
                                  value=""
                                />
                              </View>
                            </View>
                            <View
                              style={
                                Array [
                                  Object {
                                    "alignSelf": "stretch",
                                    "flexDirection": "column",
                                  },
                                  Object {
                                    "marginBottom": 20,
                                  },
                                ]
                              }
                            >
                              <View
                                style={
                                  Array [
                                    Object {
                                      "alignItems": "center",
                                      "flexDirection": "row",
                                      "justifyContent": "space-between",
                                      "width": "100%",
                                    },
                                    Object {
                                      "borderBottomWidth": 0.6,
                                      "borderColor": "#2E2E2E",
                                    },
                                    undefined,
                                    false,
                                    undefined,
                                  ]
                                }
                              >
                                <Text
                                  style={
                                    Array [
                                      Object {
                                        "color": "#b9b9c4",
                                        "fontSize": 14,
                                        "fontWeight": "bold",
                                      },
                                      undefined,
                                      false,
                                      Object {
                                        "width": 110,
                                      },
                                    ]
                                  }
                                >
                                  Password
                                </Text>
                                <TextInput
                                  allowFontScaling={true}
                                  autoCapitalize="none"
                                  multiline={false}
                                  onBlur={[Function]}
                                  onChangeText={[Function]}
                                  onFocus={[Function]}
                                  onSubmitEditing={[Function]}
                                  placeholder="******"
                                  placeholderTextColor="#676c7a"
                                  rejectResponderTermination={true}
                                  secureTextEntry={true}
                                  style={
                                    Array [
                                      Object {
                                        "color": "#2c374e",
                                        "flexBasis": 0,
                                        "flexGrow": 1,
                                        "flexShrink": 1,
                                        "fontSize": 14,
                                        "fontWeight": "bold",
                                        "height": "100%",
                                        "paddingBottom": 16,
                                        "paddingTop": 16,
                                      },
                                      Object {
                                        "color": "#151A25",
                                      },
                                      Object {
                                        "textAlign": "left",
                                      },
                                    ]
                                  }
                                  testID="input-password"
                                  underlineColorAndroid="transparent"
                                  value=""
                                />
                              </View>
                            </View>
                            <View
                              style={
                                Array [
                                  Object {
                                    "flexDirection": "row",
                                    "marginTop": 12,
                                    "width": "100%",
                                  },
                                ]
                              }
                            >
                              <View
                                accessible={true}
                                focusable={true}
                                onClick={[Function]}
                                onResponderGrant={[Function]}
                                onResponderMove={[Function]}
                                onResponderRelease={[Function]}
                                onResponderTerminate={[Function]}
                                onResponderTerminationRequest={[Function]}
                                onStartShouldSetResponder={[Function]}
                                style={
                                  Object {
                                    "backgroundColor": "#ffffff",
                                    "borderColor": "#1E6EFA",
                                    "borderRadius": 0,
                                    "borderWidth": 1,
                                    "opacity": 1,
                                    "width": "100%",
                                  }
                                }
                                testID="btn-sign-up"
                              />
                              <View
                                style={
                                  Object {
                                    "width": 12,
                                  }
                                }
                              />
                              <View
                                accessible={true}
                                focusable={true}
                                onClick={[Function]}
                                onResponderGrant={[Function]}
                                onResponderMove={[Function]}
                                onResponderRelease={[Function]}
                                onResponderTerminate={[Function]}
                                onResponderTerminationRequest={[Function]}
                                onStartShouldSetResponder={[Function]}
                                style={
                                  Object {
                                    "backgroundColor": "#1E6EFA",
                                    "borderRadius": 0,
                                    "opacity": 1,
                                    "width": "100%",
                                  }
                                }
                                testID="btn-sign-in"
                              />
                            </View>
                            <View
                              accessible={true}
                              focusable={true}
                              onClick={[Function]}
                              onResponderGrant={[Function]}
                              onResponderMove={[Function]}
                              onResponderRelease={[Function]}
                              onResponderTerminate={[Function]}
                              onResponderTerminationRequest={[Function]}
                              onStartShouldSetResponder={[Function]}
                              style={
                                Object {
                                  "alignSelf": "center",
                                  "marginBottom": 44,
                                  "opacity": 1,
                                  "paddingBottom": 20,
                                  "paddingLeft": 20,
                                  "paddingRight": 20,
                                  "paddingTop": 20,
                                }
                              }
                              testID="btn-find-pw"
                            >
                              <Text
                                style={
                                  Array [
                                    Object {
                                      "color": "#1E6EFA",
                                      "textDecorationLine": "underline",
                                    },
                                  ]
                                }
                              >
                                Forgot password?
                              </Text>
                            </View>
                            <View
                              style={
                                Array [
                                  Object {
                                    "marginBottom": 24,
                                  },
                                ]
                              }
                            >
                              <View
                                accessible={true}
                                focusable={true}
                                onClick={[Function]}
                                onResponderGrant={[Function]}
                                onResponderMove={[Function]}
                                onResponderRelease={[Function]}
                                onResponderTerminate={[Function]}
                                onResponderTerminationRequest={[Function]}
                                onStartShouldSetResponder={[Function]}
                                style={
                                  Object {
                                    "backgroundColor": "#ffffff",
                                    "borderColor": "#151E22",
                                    "borderRadius": 100,
                                    "borderWidth": 1,
                                    "height": 48,
                                    "marginBottom": 12,
                                    "opacity": 1,
                                    "width": "100%",
                                  }
                                }
                                testID="btn-apple"
                              />
                              <test
                                clientId="xxxx"
                                clientSecret="xxxx"
                                onUserCreated={[Function]}
                                socialProvider="facebook"
                                svgIcon={
                                  <SvgMock
                                    fill="#ffffff"
                                    height={18}
                                    width={18}
                                  />
                                }
                              />
                              <test
                                clientId="xxxx"
                                clientSecret="xxxx"
                                onUserCreated={[Function]}
                                socialProvider="google"
                                svgIcon={
                                  <SvgMock
                                    fill="#ffffff"
                                    height={20}
                                    width={20}
                                  />
                                }
                              />
                            </View>
                            <View
                              style={
                                Array [
                                  Object {
                                    "flexDirection": "row",
                                    "flexWrap": "wrap",
                                    "justifyContent": "center",
                                    "paddingBottom": 40,
                                    "paddingLeft": 0,
                                    "paddingRight": 0,
                                    "paddingTop": 0,
                                  },
                                ]
                              }
                            >
                              <Text
                                style={
                                  Array [
                                    Object {
                                      "color": "#777",
                                      "lineHeight": 22,
                                    },
                                  ]
                                }
                              >
                                We consider that you agree with 
                              </Text>
                              <Text
                                onPress={[Function]}
                                style={
                                  Array [
                                    Object {
                                      "color": "#1E6EFA",
                                      "lineHeight": 22,
                                      "textDecorationLine": "underline",
                                    },
                                  ]
                                }
                                testID="btn-terms"
                              >
                                Terms for Agreement
                              </Text>
                              <Text
                                style={
                                  Array [
                                    Object {
                                      "color": "#777",
                                      "lineHeight": 22,
                                    },
                                  ]
                                }
                              >
                                 and 
                              </Text>
                              <Text
                                onPress={[Function]}
                                style={
                                  Array [
                                    Object {
                                      "color": "#1E6EFA",
                                      "lineHeight": 22,
                                      "textDecorationLine": "underline",
                                    },
                                  ]
                                }
                                testID="btn-privacy"
                              >
                                Privacy Policy
                              </Text>
                              <Text
                                style={
                                  Array [
                                    Object {
                                      "color": "#777",
                                      "lineHeight": 22,
                                    },
                                  ]
                                }
                              >
                                 by going onto next step.
                              </Text>
                            </View>
                          </View>
                        </View>
                      </RCTScrollView>
                    </RCTSafeAreaView>
                  </View>
                </View>
              </View>
            </View>
          </View>
        </View>
      </View>
    </View>
    <View
      pointerEvents="box-none"
      style={
        Array [
          Object {
            "zIndex": 1,
          },
          Object {
            "left": 0,
            "position": "absolute",
            "right": 0,
            "top": 0,
          },
        ]
      }
    />
  </RNCSafeAreaProvider>
</View>
`;
