// Jest Snapshot v1, https://goo.gl/fbAQLP

exports[`[ProfileModal] rendering test Render without crashing 1`] = `
<View
  pointerEvents="box-none"
  style={
    Object {
      "flex": 1,
    }
  }
>
  <View
    collapsable={true}
    pointerEvents="box-none"
    style={
      Object {
        "flex": 1,
      }
    }
  >
    <View />
  </View>
  <View
    style={
      Object {
        "bottom": 0,
        "position": "absolute",
        "width": "100%",
      }
    }
  >
    <View
      pointerEvents="box-none"
      style={
        Object {
          "bottom": "100%",
          "flexDirection": "row",
          "justifyContent": "flex-end",
          "paddingBottom": 4,
          "paddingEnd": 4,
          "position": "absolute",
          "width": "100%",
        }
      }
    >
      <TouchableWithoutFeedback
        hitSlop={
          Object {
            "bottom": 4,
            "left": 4,
            "right": 4,
            "top": 4,
          }
        }
      >
        <View
          style={
            Array [
              Object {
                "backgroundColor": "rgba(250, 186, 48, 0.95)",
              },
              Object {
                "borderRadius": 14,
                "height": 28,
                "justifyContent": "center",
                "paddingHorizontal": 12,
              },
            ]
          }
        >
          <Text
            numberOfLines={1}
            style={
              Object {
                "color": "rgba(255, 255, 255, 1)",
                "fontSize": 12,
                "includeFontPadding": false,
                "lineHeight": 16,
              }
            }
          >
            Dismiss All
          </Text>
        </View>
      </TouchableWithoutFeedback>
    </View>
    <ScrollView
      data={
        Array [
          Object {
            "category": "Animated.event now requires a second argument for options",
            "warnings": Array [
              YellowBoxWarning {
                "message": Object {
                  "content": "Animated.event now requires a second argument for options",
                  "substitutions": Array [],
                },
                "stack": Array [
                  Object {
                    "arguments": Array [],
                    "column": 29,
                    "file": "/Users/dooboolab/Github/dooboolab/hackatalk/client/node_modules/react-native/Libraries/YellowBox/Data/YellowBoxWarning.js",
                    "lineNumber": 58,
                    "methodName": "Function.parse",
                  },
                  Object {
                    "arguments": Array [],
                    "column": 56,
                    "file": "/Users/dooboolab/Github/dooboolab/hackatalk/client/node_modules/react-native/Libraries/YellowBox/YellowBox.js",
                    "lineNumber": 156,
                    "methodName": "registerWarning",
                  },
                  Object {
                    "arguments": Array [],
                    "column": 23,
                    "file": "/Users/dooboolab/Github/dooboolab/hackatalk/client/node_modules/react-native/Libraries/YellowBox/YellowBox.js",
                    "lineNumber": 88,
                    "methodName": "warnImpl",
                  },
                  Object {
                    "arguments": Array [],
                    "column": 12,
                    "file": "/Users/dooboolab/Github/dooboolab/hackatalk/client/node_modules/react-native/Libraries/YellowBox/YellowBox.js",
                    "lineNumber": 66,
                    "methodName": "BufferedConsole.warn",
                  },
                  Object {
                    "arguments": Array [],
                    "column": 14,
                    "file": "/Users/dooboolab/Github/dooboolab/hackatalk/client/node_modules/react-native/Libraries/Animated/src/AnimatedEvent.js",
                    "lineNumber": 98,
                    "methodName": "new AnimatedEvent",
                  },
                  Object {
                    "arguments": Array [],
                    "column": 24,
                    "file": "/Users/dooboolab/Github/dooboolab/hackatalk/client/node_modules/react-native/Libraries/Animated/src/AnimatedImplementation.js",
                    "lineNumber": 526,
                    "methodName": "Object.event",
                  },
                  Object {
                    "arguments": Array [],
                    "column": 29,
                    "file": "/Users/dooboolab/Github/dooboolab/hackatalk/client/node_modules/react-native-modalbox/index.js",
                    "lineNumber": 366,
                    "methodName": "ModalBox.createPanResponder",
                  },
                  Object {
                    "arguments": Array [],
                    "column": 16,
                    "file": "/Users/dooboolab/Github/dooboolab/hackatalk/client/node_modules/react-native-modalbox/index.js",
                    "lineNumber": 118,
                    "methodName": "new ModalBox",
                  },
                  Object {
                    "arguments": Array [],
                    "column": 17,
                    "file": "/Users/dooboolab/Github/dooboolab/hackatalk/client/node_modules/react-test-renderer/cjs/react-test-renderer.development.js",
                    "lineNumber": 3629,
                    "methodName": "constructClassInstance",
                  },
                  Object {
                    "arguments": Array [],
                    "column": 4,
                    "file": "/Users/dooboolab/Github/dooboolab/hackatalk/client/node_modules/react-test-renderer/cjs/react-test-renderer.development.js",
                    "lineNumber": 7558,
                    "methodName": "updateClassComponent",
                  },
                ],
                "symbolicated": Object {
                  "error": null,
                  "stack": null,
                  "status": "NONE",
                },
              },
              YellowBoxWarning {
                "message": Object {
                  "content": "Animated.event now requires a second argument for options",
                  "substitutions": Array [],
                },
                "stack": Array [
                  Object {
                    "arguments": Array [],
                    "column": 29,
                    "file": "/Users/dooboolab/Github/dooboolab/hackatalk/client/node_modules/react-native/Libraries/YellowBox/Data/YellowBoxWarning.js",
                    "lineNumber": 58,
                    "methodName": "Function.parse",
                  },
                  Object {
                    "arguments": Array [],
                    "column": 56,
                    "file": "/Users/dooboolab/Github/dooboolab/hackatalk/client/node_modules/react-native/Libraries/YellowBox/YellowBox.js",
                    "lineNumber": 156,
                    "methodName": "registerWarning",
                  },
                  Object {
                    "arguments": Array [],
                    "column": 23,
                    "file": "/Users/dooboolab/Github/dooboolab/hackatalk/client/node_modules/react-native/Libraries/YellowBox/YellowBox.js",
                    "lineNumber": 88,
                    "methodName": "warnImpl",
                  },
                  Object {
                    "arguments": Array [],
                    "column": 12,
                    "file": "/Users/dooboolab/Github/dooboolab/hackatalk/client/node_modules/react-native/Libraries/YellowBox/YellowBox.js",
                    "lineNumber": 66,
                    "methodName": "BufferedConsole.warn",
                  },
                  Object {
                    "arguments": Array [],
                    "column": 14,
                    "file": "/Users/dooboolab/Github/dooboolab/hackatalk/client/node_modules/react-native/Libraries/Animated/src/AnimatedEvent.js",
                    "lineNumber": 98,
                    "methodName": "new AnimatedEvent",
                  },
                  Object {
                    "arguments": Array [],
                    "column": 24,
                    "file": "/Users/dooboolab/Github/dooboolab/hackatalk/client/node_modules/react-native/Libraries/Animated/src/AnimatedImplementation.js",
                    "lineNumber": 526,
                    "methodName": "Object.event",
                  },
                  Object {
                    "arguments": Array [],
                    "column": 29,
                    "file": "/Users/dooboolab/Github/dooboolab/hackatalk/client/node_modules/react-native-modalbox/index.js",
                    "lineNumber": 366,
                    "methodName": "ModalBox.createPanResponder",
                  },
                  Object {
                    "arguments": Array [],
                    "column": 16,
                    "file": "/Users/dooboolab/Github/dooboolab/hackatalk/client/node_modules/react-native-modalbox/index.js",
                    "lineNumber": 118,
                    "methodName": "new ModalBox",
                  },
                  Object {
                    "arguments": Array [],
                    "column": 17,
                    "file": "/Users/dooboolab/Github/dooboolab/hackatalk/client/node_modules/react-test-renderer/cjs/react-test-renderer.development.js",
                    "lineNumber": 3629,
                    "methodName": "constructClassInstance",
                  },
                  Object {
                    "arguments": Array [],
                    "column": 4,
                    "file": "/Users/dooboolab/Github/dooboolab/hackatalk/client/node_modules/react-test-renderer/cjs/react-test-renderer.development.js",
                    "lineNumber": 7558,
                    "methodName": "updateClassComponent",
                  },
                ],
                "symbolicated": Object {
                  "error": null,
                  "stack": null,
                  "status": "NONE",
                },
              },
            ],
          },
        ]
      }
      disableVirtualization={false}
      horizontal={false}
      initialNumToRender={10}
      maxToRenderPerBatch={10}
      onEndReachedThreshold={2}
      removeClippedSubviews={false}
      scrollEnabled={false}
      scrollEventThrottle={50}
      scrollsToTop={false}
      stickyHeaderIndices={Array []}
      style={
        Object {
          "height": 48.5,
        }
      }
      updateCellsBatchingPeriod={50}
      viewabilityConfigCallbackPairs={Array []}
      windowSize={21}
    >
      <View
        style={null}
      >
        <TouchableWithoutFeedback>
          <View
            style={
              Array [
                Object {
                  "backgroundColor": "rgba(250, 186, 48, 0.95)",
                },
                Object {
                  "height": 48,
                  "justifyContent": "center",
                  "marginTop": 0.5,
                  "paddingHorizontal": 12,
                },
              ]
            }
          >
            <View
              style={
                Object {
                  "alignItems": "flex-start",
                  "flexDirection": "row",
                }
              }
            >
              <Text
                style={
                  Object {
                    "color": "rgba(255, 255, 255, 0.5)",
                    "fontSize": 14,
                    "includeFontPadding": false,
                    "lineHeight": 18,
                  }
                }
              >
                (2) 
              </Text>
              <Text
                numberOfLines={2}
                style={
                  Object {
                    "color": "rgba(255, 255, 255, 1)",
                    "flex": 1,
                    "fontSize": 14,
                    "includeFontPadding": false,
                    "lineHeight": 18,
                  }
                }
              >
                <Text>
                  Animated.event now requires a second argument for options
                </Text>
              </Text>
            </View>
          </View>
        </TouchableWithoutFeedback>
      </View>
    </ScrollView>
    <SafeAreaView
      style={
        Object {
          "backgroundColor": "rgba(250, 186, 48, 0.95)",
          "marginTop": 0.5,
        }
      }
    />
  </View>
</View>
`;
