// Jest Snapshot v1, https://goo.gl/fbAQLP

exports[`[TextInput] render should renders without crashing 1`] = `
<View
  style={
    Array [
      Object {
        "alignItems": "flex-start",
        "alignSelf": "stretch",
        "flexDirection": "column",
        "justifyContent": "flex-start",
      },
    ]
  }
>
  <View
    isFocused={false}
    style={
      Array [
        Object {
          "alignItems": "center",
          "borderColor": "#d3d8e8",
          "borderRadius": 3,
          "borderWidth": 1,
          "flexDirection": "row",
          "justifyContent": "center",
          "marginBottom": 8,
        },
      ]
    }
  >
    <TextInput
      allowFontScaling={true}
      autoCapitalize="none"
      autoCorrect={false}
      focused={false}
      onBlur={[Function]}
      onFocus={[Function]}
      placeholderTextColor="#676c7a"
      rejectResponderTermination={true}
      style={
        Array [
          Object {
            "alignItems": "center",
            "alignSelf": "stretch",
            "borderColor": "black",
            "borderStyle": "solid",
            "borderWidth": 0,
            "color": "#151A25",
            "flexBasis": 0,
            "flexDirection": "row",
            "flexGrow": 1,
            "flexShrink": 1,
            "fontSize": 16,
            "justifyContent": "flex-start",
            "paddingBottom": 22,
            "paddingLeft": 20,
            "paddingRight": 20,
            "paddingTop": 22,
          },
        ]
      }
      textContentType="none"
      underlineColorAndroid="transparent"
    />
  </View>
</View>
`;
