// Jest Snapshot v1, https://goo.gl/fbAQLP

exports[`[Button] renders without crashing 1`] = `
<View
  accessible={true}
  isTVSelectable={true}
  onResponderGrant={[Function]}
  onResponderMove={[Function]}
  onResponderRelease={[Function]}
  onResponderTerminate={[Function]}
  onResponderTerminationRequest={[Function]}
  onStartShouldSetResponder={[Function]}
  style={
    Object {
      "opacity": 1,
    }
  }
  testID="btn"
>
  <View
    style={
      Array [
        Object {
          "alignItems": "center",
          "backgroundColor": "rgb(58,139,255)",
          "borderColor": "white",
          "borderRadius": 4,
          "borderWidth": 1,
          "justifyContent": "center",
        },
      ]
    }
    white={false}
  >
    <View
      height={60}
      style={
        Array [
          Object {
            "alignItems": "center",
            "height": 60,
            "justifyContent": "center",
            "width": 136,
          },
        ]
      }
      width={136}
    >
      <Text
        style={
          Array [
            Object {
              "color": "white",
              "fontSize": 14,
              "fontWeight": "bold",
            },
          ]
        }
        white={false}
      />
    </View>
  </View>
</View>
`;
