// Jest Snapshot v1, https://goo.gl/fbAQLP

exports[`[ChannelListItem] rendering test renders as expected 1`] = `
<View
  pointerEvents="box-none"
  style={
    Object {
      "flex": 1,
    }
  }
>
  <View
    collapsable={true}
    pointerEvents="box-none"
    style={
      Object {
        "flex": 1,
      }
    }
  >
    <View
      style={
        Object {
          "width": "100%",
        }
      }
    >
      <TouchableOpacity
        activeOpacity={0.5}
      >
        <View
          style={
            Array [
              Object {
                "alignItems": "center",
                "backgroundColor": "#ffffff",
                "borderBottomWidth": 1,
                "borderColor": "rgb(229, 229, 229)",
                "flexDirection": "row",
                "height": 92,
                "justifyContent": "space-between",
              },
            ]
          }
        >
          <View
            style={
              Object {
                "marginHorizontal": 20,
              }
            }
          >
            <View
              style={
                Object {
                  "alignItems": "center",
                  "height": 40,
                  "justifyContent": "center",
                  "width": 40,
                }
              }
            >
              <Text />
            </View>
            <View />
          </View>
          <View
            style={
              Array [
                Object {
                  "flexBasis": 0,
                  "flexDirection": "column",
                  "flexGrow": 1,
                  "flexShrink": 1,
                  "paddingRight": 20,
                },
              ]
            }
          >
            <View
              style={
                Array [
                  Object {
                    "alignItems": "center",
                    "flexDirection": "row",
                    "justifyContent": "space-between",
                  },
                ]
              }
            >
              <Text
                style={
                  Array [
                    Object {
                      "color": "#151A25",
                      "fontSize": 14,
                      "fontWeight": "bold",
                    },
                  ]
                }
              >
                displayName3
              </Text>
              <View
                style={
                  Array [
                    Object {
                      "alignItems": "center",
                      "backgroundColor": "#00D4AB",
                      "borderRadius": 8,
                      "height": 16,
                      "justifyContent": "center",
                      "width": 16,
                    },
                  ]
                }
              >
                <Text
                  style={
                    Array [
                      Object {
                        "color": "#1E6EFA",
                        "fontSize": 10,
                      },
                    ]
                  }
                >
                  3
                </Text>
              </View>
            </View>
            <View
              style={
                Array [
                  Object {
                    "alignItems": "center",
                    "flexDirection": "row",
                    "justifyContent": "space-between",
                    "marginTop": 8,
                  },
                ]
              }
            >
              <Text
                lastMessageCnt={3}
                numberOfLines={2}
                style={
                  Array [
                    Object {
                      "color": "#151A25",
                      "fontSize": 12,
                      "fontWeight": "bold",
                      "maxWidth": 150,
                    },
                  ]
                }
              >
                How are you doing?
              </Text>
              <Text
                style={
                  Array [
                    Object {
                      "color": "#1E6EFA",
                      "fontSize": 12,
                      "textAlign": "right",
                    },
                  ]
                }
              >
                2 months ago
              </Text>
            </View>
          </View>
        </View>
      </TouchableOpacity>
    </View>
  </View>
</View>
`;
