// Jest Snapshot v1, https://goo.gl/fbAQLP

exports[`[EmptyListItem] render renders without crashing 1`] = `
<View
  style={
    Object {
      "alignItems": "center",
      "alignSelf": "stretch",
      "flex": 1,
      "justifyContent": "center",
      "width": "100%",
    }
  }
>
  <Text
    style={
      Object {
        "alignSelf": "center",
        "color": "rgb(155,155,155)",
        "fontSize": 14,
      }
    }
  />
</View>
`;
