// Jest Snapshot v1, https://goo.gl/fbAQLP

exports[`[StatusBar] render renders without crashing 1`] = `null`;
