// Jest Snapshot v1, https://goo.gl/fbAQLP

exports[`[SignUp] rendering test renders as expected 1`] = `
<RCTSafeAreaView
  emulateUnlessSupported={true}
  style={
    Array [
      Object {
        "backgroundColor": "#ffffff",
        "flexBasis": 0,
        "flexGrow": 1,
        "flexShrink": 1,
      },
    ]
  }
>
  <View
    onLayout={[Function]}
    style={
      Array [
        Array [
          Object {
            "flexBasis": 0,
            "flexGrow": 1,
            "flexShrink": 1,
          },
        ],
        Object {
          "paddingBottom": 0,
        },
      ]
    }
  >
    <RCTScrollView
      collapsable={false}
      onGestureHandlerEvent={[Function]}
      onGestureHandlerStateChange={[Function]}
      style={
        Object {
          "alignSelf": "stretch",
        }
      }
    >
      <View>
        <View
          style={
            Array [
              Object {
                "marginBottom": 44,
                "marginLeft": 44,
                "marginRight": 44,
                "marginTop": 44,
              },
            ]
          }
        >
          <View
            style={
              Array [
                Object {
                  "alignSelf": "stretch",
                  "flexDirection": "column",
                },
              ]
            }
          >
            <Text
              style={
                Array [
                  Object {
                    "color": "#b9b9c4",
                    "fontSize": 14,
                    "fontWeight": "500",
                    "marginBottom": 5,
                  },
                  undefined,
                  false,
                ]
              }
            >
              Email
            </Text>
            <TextInput
              allowFontScaling={true}
              autoCapitalize="none"
              multiline={false}
              onBlur={[Function]}
              onChangeText={[Function]}
              onFocus={[Function]}
              onSubmitEditing={[Function]}
              placeholder="hello@example.com"
              placeholderTextColor="#676c7a"
              rejectResponderTermination={true}
              style={
                Array [
                  Object {
                    "fontSize": 15,
                    "fontWeight": "500",
                    "minHeight": 44,
                    "paddingBottom": 15,
                    "paddingTop": 15,
                  },
                  Object {
                    "color": "#151A25",
                  },
                ]
              }
              testID="input-email"
              underlineColorAndroid="transparent"
              value=""
            />
            <View
              style={
                Array [
                  Object {
                    "alignItems": "center",
                    "flexDirection": "row",
                    "width": "100%",
                  },
                  undefined,
                  Object {
                    "borderBottomWidth": 0.6,
                    "borderColor": "#2E2E2E",
                  },
                  false,
                ]
              }
            />
          </View>
          <View
            style={
              Array [
                Object {
                  "alignSelf": "stretch",
                  "flexDirection": "column",
                },
                Object {
                  "marginTop": 32,
                },
              ]
            }
          >
            <Text
              style={
                Array [
                  Object {
                    "color": "#b9b9c4",
                    "fontSize": 14,
                    "fontWeight": "500",
                    "marginBottom": 5,
                  },
                  undefined,
                  false,
                ]
              }
            >
              Password
            </Text>
            <TextInput
              allowFontScaling={true}
              autoCapitalize="none"
              multiline={false}
              onBlur={[Function]}
              onChangeText={[Function]}
              onFocus={[Function]}
              onSubmitEditing={[Function]}
              placeholder="********"
              placeholderTextColor="#676c7a"
              rejectResponderTermination={true}
              secureTextEntry={true}
              style={
                Array [
                  Object {
                    "fontSize": 15,
                    "fontWeight": "500",
                    "minHeight": 44,
                    "paddingBottom": 15,
                    "paddingTop": 15,
                  },
                  Object {
                    "color": "#151A25",
                  },
                ]
              }
              testID="input-password"
              underlineColorAndroid="transparent"
              value=""
            />
            <View
              style={
                Array [
                  Object {
                    "alignItems": "center",
                    "flexDirection": "row",
                    "width": "100%",
                  },
                  undefined,
                  Object {
                    "borderBottomWidth": 0.6,
                    "borderColor": "#2E2E2E",
                  },
                  false,
                ]
              }
            />
          </View>
          <View
            style={
              Array [
                Object {
                  "alignSelf": "stretch",
                  "flexDirection": "column",
                },
                Object {
                  "marginTop": 32,
                },
              ]
            }
          >
            <Text
              style={
                Array [
                  Object {
                    "color": "#b9b9c4",
                    "fontSize": 14,
                    "fontWeight": "500",
                    "marginBottom": 5,
                  },
                  undefined,
                  false,
                ]
              }
            >
              Confirm password
            </Text>
            <TextInput
              allowFontScaling={true}
              autoCapitalize="none"
              multiline={false}
              onBlur={[Function]}
              onChangeText={[Function]}
              onFocus={[Function]}
              onSubmitEditing={[Function]}
              placeholder="********"
              placeholderTextColor="#676c7a"
              rejectResponderTermination={true}
              secureTextEntry={true}
              style={
                Array [
                  Object {
                    "fontSize": 15,
                    "fontWeight": "500",
                    "minHeight": 44,
                    "paddingBottom": 15,
                    "paddingTop": 15,
                  },
                  Object {
                    "color": "#151A25",
                  },
                ]
              }
              testID="input-confirm-password"
              underlineColorAndroid="transparent"
              value=""
            />
            <View
              style={
                Array [
                  Object {
                    "alignItems": "center",
                    "flexDirection": "row",
                    "width": "100%",
                  },
                  undefined,
                  Object {
                    "borderBottomWidth": 0.6,
                    "borderColor": "#2E2E2E",
                  },
                  false,
                ]
              }
            />
          </View>
          <View
            style={
              Array [
                Object {
                  "alignSelf": "stretch",
                  "flexDirection": "column",
                },
                Object {
                  "marginTop": 32,
                },
              ]
            }
          >
            <Text
              style={
                Array [
                  Object {
                    "color": "#b9b9c4",
                    "fontSize": 14,
                    "fontWeight": "500",
                    "marginBottom": 5,
                  },
                  undefined,
                  false,
                ]
              }
            >
              Name
            </Text>
            <TextInput
              allowFontScaling={true}
              autoCapitalize="none"
              multiline={false}
              onBlur={[Function]}
              onChangeText={[Function]}
              onFocus={[Function]}
              onSubmitEditing={[Function]}
              placeholder="Please write your name"
              placeholderTextColor="#676c7a"
              rejectResponderTermination={true}
              style={
                Array [
                  Object {
                    "fontSize": 15,
                    "fontWeight": "500",
                    "minHeight": 44,
                    "paddingBottom": 15,
                    "paddingTop": 15,
                  },
                  Object {
                    "color": "#151A25",
                  },
                ]
              }
              testID="input-name"
              underlineColorAndroid="transparent"
              value=""
            />
            <View
              style={
                Array [
                  Object {
                    "alignItems": "center",
                    "flexDirection": "row",
                    "width": "100%",
                  },
                  undefined,
                  Object {
                    "borderBottomWidth": 0.6,
                    "borderColor": "#2E2E2E",
                  },
                  false,
                ]
              }
            />
          </View>
          <View
            style={
              Array [
                Object {
                  "alignSelf": "stretch",
                  "flexDirection": "column",
                },
                Object {
                  "marginTop": 32,
                },
              ]
            }
          >
            <Text
              style={
                Array [
                  Object {
                    "color": "#b9b9c4",
                    "fontSize": 14,
                    "fontWeight": "500",
                    "marginBottom": 5,
                  },
                  undefined,
                  false,
                ]
              }
            >
              Status
            </Text>
            <TextInput
              allowFontScaling={true}
              autoCapitalize="none"
              multiline={false}
              onBlur={[Function]}
              onChangeText={[Function]}
              onFocus={[Function]}
              onSubmitEditing={[Function]}
              placeholder="Please write your status message"
              placeholderTextColor="#676c7a"
              rejectResponderTermination={true}
              style={
                Array [
                  Object {
                    "fontSize": 15,
                    "fontWeight": "500",
                    "minHeight": 44,
                    "paddingBottom": 15,
                    "paddingTop": 15,
                  },
                  Object {
                    "color": "#151A25",
                  },
                ]
              }
              testID="input-status"
              underlineColorAndroid="transparent"
              value=""
            />
            <View
              style={
                Array [
                  Object {
                    "alignItems": "center",
                    "flexDirection": "row",
                    "width": "100%",
                  },
                  undefined,
                  Object {
                    "borderBottomWidth": 0.6,
                    "borderColor": "#2E2E2E",
                  },
                  false,
                ]
              }
            />
          </View>
          <View
            style={
              Array [
                Object {
                  "flexDirection": "row-reverse",
                  "marginTop": 32,
                  "width": "100%",
                },
              ]
            }
          >
            <View
              accessible={true}
              focusable={true}
              onClick={[Function]}
              onResponderGrant={[Function]}
              onResponderMove={[Function]}
              onResponderRelease={[Function]}
              onResponderTerminate={[Function]}
              onResponderTerminationRequest={[Function]}
              onStartShouldSetResponder={[Function]}
              style={
                Object {
                  "opacity": 1,
                }
              }
              testID="btn-sign-up"
            />
          </View>
        </View>
      </View>
    </RCTScrollView>
  </View>
</RCTSafeAreaView>
`;
