// Jest Snapshot v1, https://goo.gl/fbAQLP

exports[`[WebView] screen renders without crashing 1`] = `
<View
  style={
    Object {
      "flex": 1,
    }
  }
>
  <RNCSafeAreaProvider
    onInsetsChange={[Function]}
    style={
      Array [
        Object {
          "flex": 1,
        },
        undefined,
      ]
    }
  >
    <View
      pointerEvents="box-none"
      style={
        Array [
          Object {
            "zIndex": 1,
          },
          false,
        ]
      }
    >
      <View
        accessibilityElementsHidden={false}
        importantForAccessibility="auto"
        onLayout={[Function]}
        pointerEvents="box-none"
        style={null}
      >
        <View
          pointerEvents="box-none"
          style={
            Object {
              "bottom": 0,
              "left": 0,
              "opacity": 1,
              "position": "absolute",
              "right": 0,
              "top": 0,
              "zIndex": 0,
            }
          }
        >
          <View
            style={
              Object {
                "backgroundColor": "rgb(255, 255, 255)",
                "borderBottomColor": "rgb(216, 216, 216)",
                "flex": 1,
                "shadowColor": "rgb(216, 216, 216)",
                "shadowOffset": Object {
                  "height": 0.5,
                  "width": 0,
                },
                "shadowOpacity": 0.85,
                "shadowRadius": 0,
              }
            }
          />
        </View>
        <View
          pointerEvents="box-none"
          style={
            Object {
              "height": 64,
              "maxHeight": undefined,
              "minHeight": undefined,
              "opacity": undefined,
              "transform": undefined,
            }
          }
        >
          <View
            pointerEvents="none"
            style={
              Object {
                "height": 20,
              }
            }
          />
          <View
            pointerEvents="box-none"
            style={
              Object {
                "alignItems": "center",
                "flex": 1,
                "flexDirection": "row",
                "justifyContent": "center",
              }
            }
          >
            <View
              pointerEvents="box-none"
              style={
                Object {
                  "marginHorizontal": 16,
                  "opacity": 1,
                }
              }
            >
              <Text
                accessibilityRole="header"
                aria-level="1"
                numberOfLines={1}
                onLayout={[Function]}
                style={
                  Object {
                    "color": "rgb(28, 28, 30)",
                    "fontSize": 17,
                    "fontWeight": "600",
                  }
                }
              >
                WebView
              </Text>
            </View>
          </View>
        </View>
      </View>
    </View>
    <View
      onLayout={[Function]}
      style={
        Object {
          "flex": 1,
        }
      }
    >
      <View
        pointerEvents="box-none"
        style={
          Object {
            "bottom": 0,
            "left": 0,
            "position": "absolute",
            "right": 0,
            "top": 0,
          }
        }
      >
        <View
          collapsable={false}
          style={
            Object {
              "opacity": 1,
            }
          }
        />
        <View
          accessibilityElementsHidden={false}
          closing={false}
          gestureVelocityImpact={0.3}
          importantForAccessibility="auto"
          onClose={[Function]}
          onGestureBegin={[Function]}
          onGestureCanceled={[Function]}
          onGestureEnd={[Function]}
          onOpen={[Function]}
          onTransitionStart={[Function]}
          pointerEvents="box-none"
          style={
            Object {
              "bottom": 0,
              "left": 0,
              "position": "absolute",
              "right": 0,
              "top": 0,
            }
          }
          transitionSpec={
            Object {
              "close": Object {
                "animation": "spring",
                "config": Object {
                  "damping": 500,
                  "mass": 3,
                  "overshootClamping": true,
                  "restDisplacementThreshold": 10,
                  "restSpeedThreshold": 10,
                  "stiffness": 1000,
                },
              },
              "open": Object {
                "animation": "spring",
                "config": Object {
                  "damping": 500,
                  "mass": 3,
                  "overshootClamping": true,
                  "restDisplacementThreshold": 10,
                  "restSpeedThreshold": 10,
                  "stiffness": 1000,
                },
              },
            }
          }
        >
          <View
            pointerEvents="box-none"
            style={
              Object {
                "flex": 1,
              }
            }
          >
            <View
              collapsable={false}
              forwardedRef={[Function]}
              onGestureHandlerEvent={[Function]}
              onGestureHandlerStateChange={[Function]}
              style={
                Object {
                  "flex": 1,
                  "transform": Array [
                    Object {
                      "translateX": 0,
                    },
                    Object {
                      "translateX": 0,
                    },
                  ],
                }
              }
            >
              <View
                pointerEvents="none"
                style={
                  Object {
                    "backgroundColor": "rgb(242, 242, 242)",
                    "bottom": 0,
                    "left": 0,
                    "position": "absolute",
                    "shadowColor": "#000",
                    "shadowOffset": Object {
                      "height": 1,
                      "width": -1,
                    },
                    "shadowOpacity": 0.3,
                    "shadowRadius": 5,
                    "top": 0,
                    "width": 3,
                  }
                }
              />
              <View
                style={
                  Array [
                    Object {
                      "flex": 1,
                      "overflow": "hidden",
                    },
                    Array [
                      Object {
                        "backgroundColor": "rgb(242, 242, 242)",
                      },
                      undefined,
                    ],
                  ]
                }
              >
                <View
                  style={
                    Object {
                      "flex": 1,
                      "flexDirection": "column-reverse",
                    }
                  }
                >
                  <View
                    style={
                      Object {
                        "flex": 1,
                      }
                    }
                  >
                    <RCTSafeAreaView
                      emulateUnlessSupported={true}
                      style={
                        Array [
                          Object {
                            "alignItems": "center",
                            "backgroundColor": "#FFFFFF",
                            "flexBasis": 0,
                            "flexDirection": "row",
                            "flexGrow": 1,
                            "flexShrink": 1,
                            "justifyContent": "center",
                          },
                        ]
                      }
                    >
                      <View
                        style={
                          Array [
                            Object {
                              "flex": 1,
                              "overflow": "hidden",
                            },
                            undefined,
                          ]
                        }
                      >
                        <RNCWebView
                          cacheEnabled={true}
                          injectedJavaScriptBeforeContentLoadedForMainFrameOnly={true}
                          injectedJavaScriptForMainFrameOnly={true}
                          javaScriptEnabled={true}
                          messagingEnabled={false}
                          onContentProcessDidTerminate={[Function]}
                          onHttpError={[Function]}
                          onLoadingError={[Function]}
                          onLoadingFinish={[Function]}
                          onLoadingProgress={[Function]}
                          onLoadingStart={[Function]}
                          onMessage={[Function]}
                          onShouldStartLoadWithRequest={[Function]}
                          source={
                            Object {
                              "uri": "",
                            }
                          }
                          style={
                            Array [
                              Object {
                                "flex": 1,
                                "overflow": "hidden",
                              },
                              Object {
                                "backgroundColor": "#ffffff",
                              },
                              undefined,
                            ]
                          }
                          useSharedProcessPool={true}
                        />
                      </View>
                    </RCTSafeAreaView>
                  </View>
                </View>
              </View>
            </View>
          </View>
        </View>
      </View>
    </View>
  </RNCSafeAreaProvider>
</View>
`;
