// Jest Snapshot v1, https://goo.gl/fbAQLP

exports[`[Intro] screen rendering test should render outer component and snapshot matches 1`] = `
<View
  style={
    Array [
      Object {
        "alignItems": "center",
        "alignSelf": "stretch",
        "backgroundColor": "white",
        "flexBasis": 0,
        "flexDirection": "column",
        "flexGrow": 1,
        "flexShrink": 1,
        "justifyContent": "flex-start",
        "overflow": "hidden",
      },
    ]
  }
>
  <View
    style={
      Array [
        Object {
          "alignItems": "center",
          "flexDirection": "column",
          "height": "100%",
          "justifyContent": "flex-start",
          "width": "100%",
        },
      ]
    }
  >
    <Text
      style={
        Array [
          Object {
            "color": "black",
            "fontSize": 18,
            "lineHeight": 27,
          },
          Object {
            "marginTop": 100,
          },
        ]
      }
    >
      
    </Text>
    <Text
      style={
        Array [
          Object {
            "color": "black",
            "fontSize": 18,
            "lineHeight": 27,
          },
        ]
      }
    >
      
    </Text>
    <Text
      style={
        Array [
          Object {
            "color": "black",
            "fontSize": 18,
            "lineHeight": 27,
          },
        ]
      }
    >
      
    </Text>
  </View>
  <View
    style={
      Array [
        Object {
          "alignSelf": "center",
          "bottom": 40,
          "flexDirection": "column",
          "position": "absolute",
          "width": "85%",
        },
      ]
    }
  >
    <View
      accessible={true}
      isTVSelectable={true}
      onResponderGrant={[Function]}
      onResponderMove={[Function]}
      onResponderRelease={[Function]}
      onResponderTerminate={[Function]}
      onResponderTerminationRequest={[Function]}
      onStartShouldSetResponder={[Function]}
      style={
        Object {
          "opacity": 1,
        }
      }
      testID="btn1"
    >
      <View
        style={
          Array [
            Object {
              "alignItems": "center",
              "alignSelf": "center",
              "backgroundColor": "#069ccd",
              "borderColor": "#069ccd",
              "borderRadius": 4,
              "borderWidth": 2,
              "height": 52,
              "justifyContent": "center",
              "width": 320,
            },
          ]
        }
      >
        <Image
          source={1}
          style={
            Array [
              Object {
                "height": 24,
                "left": 16,
                "position": "absolute",
                "width": 24,
              },
            ]
          }
        />
        <Text
          style={
            Array [
              Object {
                "color": "white",
                "fontSize": 14,
              },
            ]
          }
        >
          Login
        </Text>
      </View>
    </View>
    <View
      style={
        Object {
          "marginTop": 8,
        }
      }
    />
    <View
      accessible={true}
      isTVSelectable={true}
      onResponderGrant={[Function]}
      onResponderMove={[Function]}
      onResponderRelease={[Function]}
      onResponderTerminate={[Function]}
      onResponderTerminationRequest={[Function]}
      onStartShouldSetResponder={[Function]}
      style={
        Object {
          "opacity": 1,
        }
      }
      testID="btn2"
    >
      <View
        style={
          Array [
            Object {
              "alignItems": "center",
              "alignSelf": "center",
              "backgroundColor": "#069ccd",
              "borderColor": "#069ccd",
              "borderRadius": 4,
              "borderWidth": 2,
              "height": 52,
              "justifyContent": "center",
              "width": 320,
            },
          ]
        }
      >
        <Text
          style={
            Array [
              Object {
                "color": "white",
                "fontSize": 14,
              },
            ]
          }
        >
          Navigate
        </Text>
      </View>
    </View>
    <View
      style={
        Object {
          "marginTop": 8,
        }
      }
    />
    <View
      accessible={true}
      isTVSelectable={true}
      onResponderGrant={[Function]}
      onResponderMove={[Function]}
      onResponderRelease={[Function]}
      onResponderTerminate={[Function]}
      onResponderTerminationRequest={[Function]}
      onStartShouldSetResponder={[Function]}
      style={
        Object {
          "opacity": 1,
        }
      }
      testID="btn3"
    >
      <View
        style={
          Array [
            Object {
              "alignItems": "center",
              "alignSelf": "center",
              "backgroundColor": "#069ccd",
              "borderColor": "#069ccd",
              "borderRadius": 4,
              "borderWidth": 2,
              "height": 52,
              "justifyContent": "center",
              "width": 320,
            },
          ]
        }
      >
        <Text
          style={
            Array [
              Object {
                "color": "white",
                "fontSize": 14,
              },
            ]
          }
        >
          Change theme
        </Text>
      </View>
    </View>
  </View>
</View>
`;
