// Jest Snapshot v1, https://goo.gl/fbAQLP

exports[`rendering test renders as expected 1`] = `
<View
  style={
    Array [
      Object {
        "alignItems": "center",
        "backgroundColor": "#ffffff",
        "flexBasis": 0,
        "flexDirection": "column",
        "flexGrow": 1,
        "flexShrink": 1,
      },
    ]
  }
>
  <RCTScrollView
    contentContainerStyle={
      Object {
        "alignItems": "center",
        "justifyContent": "center",
      }
    }
    style={
      Array [
        Object {
          "alignSelf": "stretch",
        },
      ]
    }
  >
    <View>
      <View
        style={
          Array [
            Object {
              "alignItems": "center",
              "flexDirection": "column",
              "marginTop": 48,
              "width": "78%",
            },
          ]
        }
      >
        <View
          accessible={true}
          isTVSelectable={true}
          onResponderGrant={[Function]}
          onResponderMove={[Function]}
          onResponderRelease={[Function]}
          onResponderTerminate={[Function]}
          onResponderTerminationRequest={[Function]}
          onStartShouldSetResponder={[Function]}
          style={
            Object {
              "opacity": 1,
            }
          }
        >
          <Text />
        </View>
        <View
          style={
            Array [
              Object {
                "alignItems": "flex-start",
                "alignSelf": "stretch",
                "flexDirection": "column",
                "justifyContent": "flex-start",
              },
            ]
          }
        >
          <Text
            focused={false}
            style={
              Array [
                Object {
                  "color": "#a3a3a3",
                  "fontSize": 12,
                  "marginBottom": 8,
                },
              ]
            }
          >
            name
          </Text>
          <TextInput
            allowFontScaling={true}
            autoCapitalize="none"
            autoCorrect={false}
            focused={false}
            onBlur={[Function]}
            onChangeText={[Function]}
            onFocus={[Function]}
            placeholder="name"
            placeholderTextColor="rgb(175,194,219)"
            rejectResponderTermination={true}
            style={
              Array [
                Object {
                  "alignItems": "center",
                  "alignSelf": "stretch",
                  "borderColor": "rgb(221,226,236)",
                  "borderWidth": 1,
                  "color": "black",
                  "flexDirection": "row",
                  "fontSize": 16,
                  "justifyContent": "flex-start",
                  "marginBottom": 8,
                  "paddingBottom": 22,
                  "paddingLeft": 20,
                  "paddingRight": 20,
                  "paddingTop": 22,
                },
              ]
            }
            testID="input_name"
            underlineColorAndroid="transparent"
            value=""
          />
        </View>
        <View
          style={
            Array [
              Object {
                "alignItems": "flex-start",
                "alignSelf": "stretch",
                "flexDirection": "column",
                "justifyContent": "flex-start",
              },
            ]
          }
        >
          <Text
            focused={false}
            style={
              Array [
                Object {
                  "color": "#a3a3a3",
                  "fontSize": 12,
                  "marginBottom": 8,
                },
              ]
            }
          >
            Status message
          </Text>
          <TextInput
            allowFontScaling={true}
            autoCapitalize="none"
            autoCorrect={false}
            focused={false}
            onBlur={[Function]}
            onChangeText={[Function]}
            onFocus={[Function]}
            placeholder="Status message"
            placeholderTextColor="rgb(175,194,219)"
            rejectResponderTermination={true}
            style={
              Array [
                Object {
                  "alignItems": "center",
                  "alignSelf": "stretch",
                  "borderColor": "rgb(221,226,236)",
                  "borderWidth": 1,
                  "color": "black",
                  "flexDirection": "row",
                  "fontSize": 16,
                  "justifyContent": "flex-start",
                  "marginBottom": 8,
                  "paddingBottom": 22,
                  "paddingLeft": 20,
                  "paddingRight": 20,
                  "paddingTop": 22,
                },
              ]
            }
            testID="input_status"
            underlineColorAndroid="transparent"
            value=""
          />
        </View>
        <View
          style={
            Array [
              Object {
                "alignItems": "center",
                "flexDirection": "row",
                "justifyContent": "space-between",
                "marginBottom": 48,
                "marginTop": 24,
                "width": "100%",
              },
            ]
          }
        >
          <View
            accessible={true}
            isTVSelectable={true}
            onResponderGrant={[Function]}
            onResponderMove={[Function]}
            onResponderRelease={[Function]}
            onResponderTerminate={[Function]}
            onResponderTerminationRequest={[Function]}
            onStartShouldSetResponder={[Function]}
            style={
              Object {
                "opacity": 1,
              }
            }
            testID="logout_btn"
          >
            <View
              style={
                Array [
                  Object {
                    "alignItems": "center",
                    "backgroundColor": "white",
                    "borderColor": "rgb(58,139,255)",
                    "borderRadius": 4,
                    "borderWidth": 1,
                    "justifyContent": "center",
                  },
                ]
              }
              white={true}
            >
              <View
                height={60}
                style={
                  Array [
                    Object {
                      "alignItems": "center",
                      "height": 60,
                      "justifyContent": "center",
                      "width": 136,
                    },
                  ]
                }
                width={136}
              >
                <Text
                  style={
                    Array [
                      Object {
                        "color": "rgb(58,139,255)",
                        "fontSize": 14,
                        "fontWeight": "bold",
                      },
                    ]
                  }
                  white={true}
                >
                  Logout
                </Text>
              </View>
            </View>
          </View>
          <View
            style={
              Object {
                "width": 8,
              }
            }
          />
          <View
            accessible={true}
            isTVSelectable={true}
            onResponderGrant={[Function]}
            onResponderMove={[Function]}
            onResponderRelease={[Function]}
            onResponderTerminate={[Function]}
            onResponderTerminationRequest={[Function]}
            onStartShouldSetResponder={[Function]}
            style={
              Object {
                "opacity": 1,
              }
            }
            testID="update_btn"
          >
            <View
              style={
                Array [
                  Object {
                    "alignItems": "center",
                    "backgroundColor": "rgb(58,139,255)",
                    "borderColor": "white",
                    "borderRadius": 4,
                    "borderWidth": 1,
                    "justifyContent": "center",
                  },
                ]
              }
              white={false}
            >
              <View
                height={60}
                style={
                  Array [
                    Object {
                      "alignItems": "center",
                      "height": 60,
                      "justifyContent": "center",
                      "width": 136,
                    },
                  ]
                }
                width={136}
              >
                <Text
                  style={
                    Array [
                      Object {
                        "color": "white",
                        "fontSize": 14,
                        "fontWeight": "bold",
                      },
                    ]
                  }
                  white={false}
                >
                  Update
                </Text>
              </View>
            </View>
          </View>
        </View>
      </View>
    </View>
  </RCTScrollView>
</View>
`;
