// Jest Snapshot v1, https://goo.gl/fbAQLP

exports[`[SignUp] rendering test renders as expected 1`] = `
<View
  pointerEvents="box-none"
  style={
    Object {
      "flex": 1,
    }
  }
>
  <View
    collapsable={true}
    pointerEvents="box-none"
    style={
      Object {
        "flex": 1,
      }
    }
  >
    <SafeAreaView
      style={
        Array [
          Object {
            "backgroundColor": "#ffffff",
            "flexBasis": 0,
            "flexGrow": 1,
            "flexShrink": 1,
          },
        ]
      }
    >
      <ScrollView
        collapsable={false}
        style={
          Object {
            "alignSelf": "stretch",
          }
        }
      >
        <View
          style={
            Array [
              Object {
                "marginBottom": 44,
                "marginLeft": 44,
                "marginRight": 44,
                "marginTop": 44,
              },
            ]
          }
        >
          <View
            style={
              Array [
                Object {
                  "alignSelf": "stretch",
                  "flexDirection": "column",
                },
              ]
            }
          >
            <Text
              style={
                Array [
                  Object {
                    "color": "#b9b9c4",
                    "fontSize": 14,
                    "fontWeight": "500",
                    "marginBottom": 5,
                  },
                  undefined,
                  null,
                ]
              }
            >
              Email
            </Text>
            <View
              style={
                Array [
                  Object {
                    "alignItems": "center",
                    "flexDirection": "row",
                  },
                ]
              }
            >
              <View
                style={
                  Array [
                    Object {
                      "alignItems": "center",
                      "flexDirection": "row",
                      "justifyContent": "space-between",
                      "width": "100%",
                    },
                    Object {
                      "borderBottomWidth": 0.6,
                      "borderColor": "#2E2E2E",
                    },
                    undefined,
                    null,
                  ]
                }
              >
                <TextInput
                  allowFontScaling={true}
                  autoCapitalize="none"
                  placeholder="hello@example.com"
                  placeholderTextColor="#676c7a"
                  rejectResponderTermination={true}
                  style={
                    Array [
                      Object {
                        "color": "#2c374e",
                        "flexBasis": 0,
                        "flexGrow": 1,
                        "flexShrink": 1,
                        "fontSize": 15,
                        "fontWeight": "500",
                        "height": "100%",
                        "paddingBottom": 15,
                        "paddingTop": 15,
                      },
                      Object {
                        "color": "#151A25",
                      },
                    ]
                  }
                  testID="input-email"
                  underlineColorAndroid="transparent"
                  value=""
                />
              </View>
            </View>
          </View>
          <View
            style={
              Array [
                Object {
                  "alignSelf": "stretch",
                  "flexDirection": "column",
                },
                Object {
                  "marginTop": 32,
                },
              ]
            }
          >
            <Text
              style={
                Array [
                  Object {
                    "color": "#b9b9c4",
                    "fontSize": 14,
                    "fontWeight": "500",
                    "marginBottom": 5,
                  },
                  undefined,
                  null,
                ]
              }
            >
              Password
            </Text>
            <View
              style={
                Array [
                  Object {
                    "alignItems": "center",
                    "flexDirection": "row",
                  },
                ]
              }
            >
              <View
                style={
                  Array [
                    Object {
                      "alignItems": "center",
                      "flexDirection": "row",
                      "justifyContent": "space-between",
                      "width": "100%",
                    },
                    Object {
                      "borderBottomWidth": 0.6,
                      "borderColor": "#2E2E2E",
                    },
                    undefined,
                    null,
                  ]
                }
              >
                <TextInput
                  allowFontScaling={true}
                  autoCapitalize="none"
                  placeholder="********"
                  placeholderTextColor="#676c7a"
                  rejectResponderTermination={true}
                  secureTextEntry={true}
                  style={
                    Array [
                      Object {
                        "color": "#2c374e",
                        "flexBasis": 0,
                        "flexGrow": 1,
                        "flexShrink": 1,
                        "fontSize": 15,
                        "fontWeight": "500",
                        "height": "100%",
                        "paddingBottom": 15,
                        "paddingTop": 15,
                      },
                      Object {
                        "color": "#151A25",
                      },
                    ]
                  }
                  testID="input-password"
                  underlineColorAndroid="transparent"
                  value=""
                />
              </View>
            </View>
          </View>
          <View
            style={
              Array [
                Object {
                  "alignSelf": "stretch",
                  "flexDirection": "column",
                },
                Object {
                  "marginTop": 32,
                },
              ]
            }
          >
            <Text
              style={
                Array [
                  Object {
                    "color": "#b9b9c4",
                    "fontSize": 14,
                    "fontWeight": "500",
                    "marginBottom": 5,
                  },
                  undefined,
                  null,
                ]
              }
            >
              Confirm password
            </Text>
            <View
              style={
                Array [
                  Object {
                    "alignItems": "center",
                    "flexDirection": "row",
                  },
                ]
              }
            >
              <View
                style={
                  Array [
                    Object {
                      "alignItems": "center",
                      "flexDirection": "row",
                      "justifyContent": "space-between",
                      "width": "100%",
                    },
                    Object {
                      "borderBottomWidth": 0.6,
                      "borderColor": "#2E2E2E",
                    },
                    undefined,
                    null,
                  ]
                }
              >
                <TextInput
                  allowFontScaling={true}
                  autoCapitalize="none"
                  placeholder="********"
                  placeholderTextColor="#676c7a"
                  rejectResponderTermination={true}
                  secureTextEntry={true}
                  style={
                    Array [
                      Object {
                        "color": "#2c374e",
                        "flexBasis": 0,
                        "flexGrow": 1,
                        "flexShrink": 1,
                        "fontSize": 15,
                        "fontWeight": "500",
                        "height": "100%",
                        "paddingBottom": 15,
                        "paddingTop": 15,
                      },
                      Object {
                        "color": "#151A25",
                      },
                    ]
                  }
                  testID="input-confirm-password"
                  underlineColorAndroid="transparent"
                  value=""
                />
              </View>
            </View>
          </View>
          <View
            style={
              Array [
                Object {
                  "alignSelf": "stretch",
                  "flexDirection": "column",
                },
                Object {
                  "marginTop": 32,
                },
              ]
            }
          >
            <Text
              style={
                Array [
                  Object {
                    "color": "#b9b9c4",
                    "fontSize": 14,
                    "fontWeight": "500",
                    "marginBottom": 5,
                  },
                  undefined,
                  null,
                ]
              }
            >
              Name
            </Text>
            <View
              style={
                Array [
                  Object {
                    "alignItems": "center",
                    "flexDirection": "row",
                  },
                ]
              }
            >
              <View
                style={
                  Array [
                    Object {
                      "alignItems": "center",
                      "flexDirection": "row",
                      "justifyContent": "space-between",
                      "width": "100%",
                    },
                    Object {
                      "borderBottomWidth": 0.6,
                      "borderColor": "#2E2E2E",
                    },
                    undefined,
                    null,
                  ]
                }
              >
                <TextInput
                  allowFontScaling={true}
                  autoCapitalize="none"
                  placeholder="Please write your name"
                  placeholderTextColor="#676c7a"
                  rejectResponderTermination={true}
                  style={
                    Array [
                      Object {
                        "color": "#2c374e",
                        "flexBasis": 0,
                        "flexGrow": 1,
                        "flexShrink": 1,
                        "fontSize": 15,
                        "fontWeight": "500",
                        "height": "100%",
                        "paddingBottom": 15,
                        "paddingTop": 15,
                      },
                      Object {
                        "color": "#151A25",
                      },
                    ]
                  }
                  testID="input-name"
                  underlineColorAndroid="transparent"
                  value=""
                />
              </View>
            </View>
          </View>
          <View
            style={
              Array [
                Object {
                  "alignSelf": "stretch",
                  "flexDirection": "column",
                },
                Object {
                  "marginTop": 32,
                },
              ]
            }
          >
            <Text
              style={
                Array [
                  Object {
                    "color": "#b9b9c4",
                    "fontSize": 14,
                    "fontWeight": "500",
                    "marginBottom": 5,
                  },
                  undefined,
                  null,
                ]
              }
            >
              Status
            </Text>
            <View
              style={
                Array [
                  Object {
                    "alignItems": "center",
                    "flexDirection": "row",
                  },
                ]
              }
            >
              <View
                style={
                  Array [
                    Object {
                      "alignItems": "center",
                      "flexDirection": "row",
                      "justifyContent": "space-between",
                      "width": "100%",
                    },
                    Object {
                      "borderBottomWidth": 0.6,
                      "borderColor": "#2E2E2E",
                    },
                    undefined,
                    null,
                  ]
                }
              >
                <TextInput
                  allowFontScaling={true}
                  autoCapitalize="none"
                  placeholder="Please write your status message"
                  placeholderTextColor="#676c7a"
                  rejectResponderTermination={true}
                  style={
                    Array [
                      Object {
                        "color": "#2c374e",
                        "flexBasis": 0,
                        "flexGrow": 1,
                        "flexShrink": 1,
                        "fontSize": 15,
                        "fontWeight": "500",
                        "height": "100%",
                        "paddingBottom": 15,
                        "paddingTop": 15,
                      },
                      Object {
                        "color": "#151A25",
                      },
                    ]
                  }
                  testID="input-status"
                  underlineColorAndroid="transparent"
                  value=""
                />
              </View>
            </View>
          </View>
          <View
            style={
              Array [
                Object {
                  "flexDirection": "row-reverse",
                  "marginTop": 32,
                  "width": "100%",
                },
              ]
            }
          >
            <View
              delayPressIn={30}
              style={
                Object {
                  "backgroundColor": "#1E6EFA",
                  "height": 52,
                  "width": "50%",
                }
              }
              testID="btn-sign-up"
            >
              <View
                style={
                  Array [
                    Object {
                      "alignItems": "center",
                      "alignSelf": "center",
                      "borderColor": "blue",
                      "flexDirection": "row",
                      "height": 52,
                      "justifyContent": "center",
                    },
                  ]
                }
              >
                <Text
                  style={
                    Array [
                      Object {
                        "color": "#069ccd",
                        "fontSize": 16,
                      },
                      Object {
                        "color": "#ffffff",
                        "fontSize": 16,
                      },
                    ]
                  }
                >
                  Sign Up
                </Text>
              </View>
            </View>
          </View>
        </View>
      </ScrollView>
    </SafeAreaView>
  </View>
</View>
`;
