// Jest Snapshot v1, https://goo.gl/fbAQLP

exports[`[SignIn] rendering test should render without crashing 1`] = `
<View
  pointerEvents="box-none"
  style={
    Object {
      "flex": 1,
    }
  }
>
  <View
    collapsable={true}
    pointerEvents="box-none"
    style={
      Object {
        "flex": 1,
      }
    }
  >
    <SafeAreaView
      style={
        Array [
          Object {
            "backgroundColor": "#ffffff",
            "flexBasis": 0,
            "flexGrow": 1,
            "flexShrink": 1,
            "justifyContent": "center",
          },
        ]
      }
    >
      <ScrollView
        style={
          Object {
            "alignSelf": "stretch",
          }
        }
      >
        <View
          style={
            Object {
              "left": true,
              "position": "absolute",
              "top": true,
              "transform": Array [
                Object {
                  "scale": true,
                },
              ],
              "zIndex": 15,
            }
          }
          testID="theme-test"
        >
          <Image
            source={
              Object {
                "canInstrument": true,
                "createTransformer": [Function],
                "getCacheKey": [Function],
                "process": [Function],
              }
            }
            style={
              Object {
                "height": 80,
                "resizeMode": "cover",
                "width": 80,
              }
            }
          />
        </View>
        <View
          style={
            Array [
              Object {
                "marginBottom": 40,
                "marginLeft": 40,
                "marginRight": 40,
                "marginTop": 40,
              },
            ]
          }
        >
          <View
            style={
              Array [
                Object {
                  "marginBottom": 72,
                  "marginTop": 44,
                },
              ]
            }
          >
            <View
              style={
                Object {
                  "height": 72,
                }
              }
            />
            <Text
              style={
                Array [
                  Object {
                    "alignSelf": "flex-start",
                    "color": "#151A25",
                    "fontSize": 20,
                    "fontWeight": "bold",
                    "marginLeft": 6,
                  },
                ]
              }
            >
              Hello
            </Text>
          </View>
          <View
            style={
              Array [
                Object {
                  "alignSelf": "stretch",
                  "flexDirection": "column",
                },
                Object {
                  "marginBottom": 20,
                },
              ]
            }
          >
            <View
              style={
                Array [
                  Object {
                    "alignItems": "center",
                    "flexDirection": "row",
                    "justifyContent": "space-between",
                    "width": "100%",
                  },
                  Object {
                    "borderBottomWidth": 0.6,
                    "borderColor": "#2E2E2E",
                  },
                  undefined,
                  null,
                ]
              }
            >
              <Text
                style={
                  Array [
                    Object {
                      "color": "#b9b9c4",
                      "fontSize": 14,
                      "fontWeight": "bold",
                    },
                    undefined,
                    null,
                    Object {
                      "width": 110,
                    },
                  ]
                }
              >
                Email
              </Text>
              <TextInput
                allowFontScaling={true}
                autoCapitalize="none"
                multiline={false}
                placeholder="hello@example.com"
                placeholderTextColor="#676c7a"
                rejectResponderTermination={true}
                style={
                  Array [
                    Object {
                      "color": "#2c374e",
                      "flexBasis": 0,
                      "flexGrow": 1,
                      "flexShrink": 1,
                      "fontSize": 14,
                      "fontWeight": "bold",
                      "height": "100%",
                      "paddingBottom": 16,
                      "paddingTop": 16,
                    },
                    Object {
                      "color": "#151A25",
                    },
                    Object {
                      "textAlign": "left",
                    },
                  ]
                }
                testID="input-email"
                underlineColorAndroid="transparent"
                value=""
              />
            </View>
          </View>
          <View
            style={
              Array [
                Object {
                  "alignSelf": "stretch",
                  "flexDirection": "column",
                },
                Object {
                  "marginBottom": 20,
                },
              ]
            }
          >
            <View
              style={
                Array [
                  Object {
                    "alignItems": "center",
                    "flexDirection": "row",
                    "justifyContent": "space-between",
                    "width": "100%",
                  },
                  Object {
                    "borderBottomWidth": 0.6,
                    "borderColor": "#2E2E2E",
                  },
                  undefined,
                  null,
                ]
              }
            >
              <Text
                style={
                  Array [
                    Object {
                      "color": "#b9b9c4",
                      "fontSize": 14,
                      "fontWeight": "bold",
                    },
                    undefined,
                    null,
                    Object {
                      "width": 110,
                    },
                  ]
                }
              >
                Password
              </Text>
              <TextInput
                allowFontScaling={true}
                autoCapitalize="none"
                multiline={false}
                placeholder="******"
                placeholderTextColor="#676c7a"
                rejectResponderTermination={true}
                secureTextEntry={true}
                style={
                  Array [
                    Object {
                      "color": "#2c374e",
                      "flexBasis": 0,
                      "flexGrow": 1,
                      "flexShrink": 1,
                      "fontSize": 14,
                      "fontWeight": "bold",
                      "height": "100%",
                      "paddingBottom": 16,
                      "paddingTop": 16,
                    },
                    Object {
                      "color": "#151A25",
                    },
                    Object {
                      "textAlign": "left",
                    },
                  ]
                }
                testID="input-password"
                underlineColorAndroid="transparent"
                value=""
              />
            </View>
          </View>
          <View
            style={
              Array [
                Object {
                  "flexDirection": "row",
                  "marginTop": 12,
                  "width": "100%",
                },
              ]
            }
          >
            <View
              delayPressIn={30}
              style={
                Object {
                  "flex": 1,
                  "flexDirection": "row",
                  "height": 52,
                  "justifyContent": "center",
                }
              }
              testID="btn-sign-up"
            >
              <View
                style={
                  Array [
                    Object {
                      "alignItems": "center",
                      "alignSelf": "center",
                      "borderColor": "blue",
                      "flexDirection": "row",
                      "height": 52,
                      "justifyContent": "center",
                      "width": 320,
                    },
                    Object {
                      "backgroundColor": "#ffffff",
                      "borderColor": "#1E6EFA",
                      "borderWidth": 1,
                      "width": "100%",
                    },
                  ]
                }
              >
                <Text
                  style={
                    Array [
                      Object {
                        "color": "#069ccd",
                        "fontSize": 16,
                      },
                      Object {
                        "color": "#1E6EFA",
                        "fontSize": 14,
                        "fontWeight": "bold",
                      },
                    ]
                  }
                >
                  Sign Up
                </Text>
              </View>
            </View>
            <View
              style={
                Object {
                  "width": 20,
                }
              }
            />
            <View
              delayPressIn={30}
              style={
                Object {
                  "backgroundColor": "#1E6EFA",
                  "flex": 1,
                  "flexDirection": "row",
                  "height": 52,
                  "justifyContent": "center",
                }
              }
              testID="btn-sign-in"
            >
              <View
                style={
                  Array [
                    Object {
                      "alignItems": "center",
                      "alignSelf": "center",
                      "borderColor": "blue",
                      "flexDirection": "row",
                      "height": 52,
                      "justifyContent": "center",
                      "width": 320,
                    },
                  ]
                }
              >
                <Text
                  style={
                    Array [
                      Object {
                        "color": "#069ccd",
                        "fontSize": 16,
                      },
                      Object {
                        "color": "#ffffff",
                        "fontSize": 14,
                        "fontWeight": "bold",
                      },
                    ]
                  }
                >
                  Login
                </Text>
              </View>
            </View>
          </View>
          <View
            style={
              Array [
                Object {
                  "alignSelf": "center",
                  "marginBottom": 44,
                  "paddingBottom": 20,
                  "paddingLeft": 20,
                  "paddingRight": 20,
                  "paddingTop": 20,
                },
              ]
            }
            testID="btn-find-pw"
          >
            <Text
              style={
                Array [
                  Object {
                    "color": "#1E6EFA",
                    "textDecorationLine": "underline",
                  },
                ]
              }
            >
              Forgot password?
            </Text>
          </View>
          <View
            style={
              Array [
                Object {
                  "marginBottom": 24,
                },
              ]
            }
          >
            <View
              delayPressIn={30}
              testID="btn-apple"
            >
              <View
                style={
                  Array [
                    Object {
                      "alignItems": "center",
                      "alignSelf": "center",
                      "borderColor": "blue",
                      "flexDirection": "row",
                      "height": 52,
                      "justifyContent": "center",
                      "width": 320,
                    },
                    Object {
                      "backgroundColor": "#ffffff",
                      "borderColor": "#151E22",
                      "borderRadius": 100,
                      "borderWidth": 1,
                      "height": 48,
                      "marginBottom": 12,
                      "width": "100%",
                    },
                  ]
                }
              >
                <View
                  style={
                    Object {
                      "marginRight": 6,
                    }
                  }
                >
                  <SvgMock
                    fill="#151E22"
                    height={18}
                    width={18}
                  />
                </View>
                <Text
                  style={
                    Array [
                      Object {
                        "color": "#069ccd",
                        "fontSize": 16,
                      },
                      Object {
                        "color": "#151E22",
                        "fontWeight": "700",
                      },
                    ]
                  }
                >
                  Sign in with Apple
                </Text>
              </View>
            </View>
            <View
              delayPressIn={30}
              testID="btn-facebook"
            >
              <View
                style={
                  Array [
                    Object {
                      "alignItems": "center",
                      "alignSelf": "center",
                      "borderColor": "blue",
                      "flexDirection": "row",
                      "height": 52,
                      "justifyContent": "center",
                      "width": 320,
                    },
                    Object {
                      "backgroundColor": "#345997",
                      "borderColor": "#345997",
                      "borderRadius": 100,
                      "borderWidth": 1,
                      "height": 48,
                      "marginBottom": 12,
                      "width": "100%",
                    },
                  ]
                }
              >
                <View
                  style={
                    Object {
                      "marginRight": 6,
                    }
                  }
                >
                  <SvgMock
                    fill="#ffffff"
                    height={18}
                    width={18}
                  />
                </View>
                <Text
                  style={
                    Array [
                      Object {
                        "color": "#069ccd",
                        "fontSize": 16,
                      },
                      Object {
                        "color": "#ffffff",
                        "fontWeight": "700",
                      },
                    ]
                  }
                >
                  Sign in with Facebook
                </Text>
              </View>
            </View>
            <View
              delayPressIn={30}
              testID="btn-google"
            >
              <View
                style={
                  Array [
                    Object {
                      "alignItems": "center",
                      "alignSelf": "center",
                      "borderColor": "blue",
                      "flexDirection": "row",
                      "height": 52,
                      "justifyContent": "center",
                      "width": 320,
                    },
                    Object {
                      "backgroundColor": "#E04238",
                      "borderColor": "#E04238",
                      "borderRadius": 100,
                      "borderWidth": 1,
                      "height": 48,
                      "marginBottom": 12,
                      "width": "100%",
                    },
                  ]
                }
              >
                <View
                  style={
                    Object {
                      "marginRight": 6,
                    }
                  }
                >
                  <SvgMock
                    fill="#ffffff"
                    height={20}
                    width={20}
                  />
                </View>
                <Text
                  style={
                    Array [
                      Object {
                        "color": "#069ccd",
                        "fontSize": 16,
                      },
                      Object {
                        "color": "#ffffff",
                        "fontWeight": "700",
                      },
                    ]
                  }
                >
                  Sign in with Google
                </Text>
              </View>
            </View>
          </View>
          <View
            style={
              Array [
                Object {
                  "flexDirection": "row",
                  "flexWrap": "wrap",
                  "justifyContent": "center",
                  "paddingBottom": 40,
                  "paddingLeft": 0,
                  "paddingRight": 0,
                  "paddingTop": 0,
                },
              ]
            }
          >
            <Text
              style={
                Array [
                  Object {
                    "color": "#777",
                    "lineHeight": 22,
                  },
                ]
              }
            >
              We consider that you agree with 
            </Text>
            <Text
              style={
                Array [
                  Object {
                    "color": "#1E6EFA",
                    "lineHeight": 22,
                    "textDecorationLine": "underline",
                  },
                ]
              }
              testID="btn-terms"
            >
              Terms for Agreement
            </Text>
            <Text
              style={
                Array [
                  Object {
                    "color": "#777",
                    "lineHeight": 22,
                  },
                ]
              }
            >
               and 
            </Text>
            <Text
              style={
                Array [
                  Object {
                    "color": "#1E6EFA",
                    "lineHeight": 22,
                    "textDecorationLine": "underline",
                  },
                ]
              }
              testID="btn-privacy"
            >
              Privacy Policy
            </Text>
            <Text
              style={
                Array [
                  Object {
                    "color": "#777",
                    "lineHeight": 22,
                  },
                ]
              }
            >
               by going onto next step.
            </Text>
          </View>
        </View>
      </ScrollView>
    </SafeAreaView>
  </View>
  <View
    style={
      Object {
        "bottom": 0,
        "position": "absolute",
        "width": "100%",
      }
    }
  >
    <View
      pointerEvents="box-none"
      style={
        Object {
          "bottom": "100%",
          "flexDirection": "row",
          "justifyContent": "flex-end",
          "paddingBottom": 4,
          "paddingEnd": 4,
          "position": "absolute",
          "width": "100%",
        }
      }
    >
      <TouchableWithoutFeedback
        hitSlop={
          Object {
            "bottom": 4,
            "left": 4,
            "right": 4,
            "top": 4,
          }
        }
      >
        <View
          style={
            Array [
              Object {
                "backgroundColor": "rgba(250, 186, 48, 0.95)",
              },
              Object {
                "borderRadius": 14,
                "height": 28,
                "justifyContent": "center",
                "paddingHorizontal": 12,
              },
            ]
          }
        >
          <Text
            numberOfLines={1}
            style={
              Object {
                "color": "rgba(255, 255, 255, 1)",
                "fontSize": 12,
                "includeFontPadding": false,
                "lineHeight": 16,
              }
            }
          >
            Dismiss All
          </Text>
        </View>
      </TouchableWithoutFeedback>
    </View>
    <ScrollView
      data={
        Array [
          Object {
            "category": "AsyncStorage has been extracted from react-native core and will be removed in a future release. It can now be installed and imported from '@react-native-community/async-storage' instead of 'react-native'. See https://github.com/react-native-community/async-storage",
            "warnings": Array [
              YellowBoxWarning {
                "message": Object {
                  "content": "AsyncStorage has been extracted from react-native core and will be removed in a future release. It can now be installed and imported from '@react-native-community/async-storage' instead of 'react-native'. See https://github.com/react-native-community/async-storage",
                  "substitutions": Array [],
                },
                "stack": Array [
                  Object {
                    "arguments": Array [],
                    "column": 29,
                    "file": "/Users/dooboolab/Github/dooboolab/hackatalk/node_modules/react-native/Libraries/YellowBox/Data/YellowBoxWarning.js",
                    "lineNumber": 58,
                    "methodName": "Function.parse",
                  },
                  Object {
                    "arguments": Array [],
                    "column": 56,
                    "file": "/Users/dooboolab/Github/dooboolab/hackatalk/node_modules/react-native/Libraries/YellowBox/YellowBox.js",
                    "lineNumber": 180,
                    "methodName": "registerError",
                  },
                  Object {
                    "arguments": Array [],
                    "column": 21,
                    "file": "/Users/dooboolab/Github/dooboolab/hackatalk/node_modules/react-native/Libraries/YellowBox/YellowBox.js",
                    "lineNumber": 84,
                    "methodName": "errorImpl",
                  },
                  Object {
                    "arguments": Array [],
                    "column": 13,
                    "file": "/Users/dooboolab/Github/dooboolab/hackatalk/node_modules/react-native/Libraries/YellowBox/YellowBox.js",
                    "lineNumber": 63,
                    "methodName": "BufferedConsole.console.error",
                  },
                  Object {
                    "arguments": Array [],
                    "column": 12,
                    "file": "/Users/dooboolab/Github/dooboolab/hackatalk/node_modules/fbjs/lib/warning.js",
                    "lineNumber": 30,
                    "methodName": "printWarning",
                  },
                  Object {
                    "arguments": Array [],
                    "column": 17,
                    "file": "/Users/dooboolab/Github/dooboolab/hackatalk/node_modules/fbjs/lib/warning.js",
                    "lineNumber": 51,
                    "methodName": "warning",
                  },
                  Object {
                    "arguments": Array [],
                    "column": 2,
                    "file": "/Users/dooboolab/Github/dooboolab/hackatalk/node_modules/react-native/Libraries/Utilities/warnOnce.js",
                    "lineNumber": 29,
                    "methodName": "warnOnce",
                  },
                  Object {
                    "arguments": Array [],
                    "column": 4,
                    "file": "/Users/dooboolab/Github/dooboolab/hackatalk/node_modules/react-native/index.js",
                    "lineNumber": 290,
                    "methodName": "Object.get AsyncStorage [as AsyncStorage]",
                  },
                  Object {
                    "arguments": Array [],
                    "column": 23,
                    "file": "/Users/dooboolab/Github/dooboolab/hackatalk/node_modules/@virgilsecurity/e3kit-native/dist/e3kit-native.cjs.js",
                    "lineNumber": 20470,
                    "methodName": "Object.get AsyncStorage [as AsyncStorage]",
                  },
                  Object {
                    "arguments": Array [],
                    "column": 32,
                    "file": "/Users/dooboolab/Github/dooboolab/hackatalk/node_modules/@virgilsecurity/e3kit-native/dist/e3kit-native.cjs.js",
                    "lineNumber": 20473,
                    "methodName": "Object.<anonymous>",
                  },
                ],
                "symbolicated": Object {
                  "error": null,
                  "stack": null,
                  "status": "NONE",
                },
              },
            ],
          },
        ]
      }
      disableVirtualization={false}
      horizontal={false}
      initialNumToRender={10}
      maxToRenderPerBatch={10}
      onEndReachedThreshold={2}
      removeClippedSubviews={false}
      scrollEnabled={false}
      scrollEventThrottle={50}
      scrollsToTop={false}
      stickyHeaderIndices={Array []}
      style={
        Object {
          "height": 48.5,
        }
      }
      updateCellsBatchingPeriod={50}
      viewabilityConfigCallbackPairs={Array []}
      windowSize={21}
    >
      <View
        style={null}
      >
        <TouchableWithoutFeedback>
          <View
            style={
              Array [
                Object {
                  "backgroundColor": "rgba(250, 186, 48, 0.95)",
                },
                Object {
                  "height": 48,
                  "justifyContent": "center",
                  "marginTop": 0.5,
                  "paddingHorizontal": 12,
                },
              ]
            }
          >
            <View
              style={
                Object {
                  "alignItems": "flex-start",
                  "flexDirection": "row",
                }
              }
            >
              <Text
                numberOfLines={2}
                style={
                  Object {
                    "color": "rgba(255, 255, 255, 1)",
                    "flex": 1,
                    "fontSize": 14,
                    "includeFontPadding": false,
                    "lineHeight": 18,
                  }
                }
              >
                <Text>
                  AsyncStorage has been extracted from react-native core and will be removed in a future release. It can now be installed and imported from '@react-native-community/async-storage' instead of 'react-native'. See https://github.com/react-native-community/async-storage
                </Text>
              </Text>
            </View>
          </View>
        </TouchableWithoutFeedback>
      </View>
    </ScrollView>
    <SafeAreaView
      style={
        Object {
          "backgroundColor": "rgba(250, 186, 48, 0.95)",
          "marginTop": 0.5,
        }
      }
    />
  </View>
</View>
`;
