// Jest Snapshot v1, https://goo.gl/fbAQLP

exports[`[FindPw] rendering test should renders as expected 1`] = `
<RNCSafeAreaProvider
  onInsetsChange={[Function]}
  style={
    Array [
      Object {
        "flex": 1,
      },
      undefined,
    ]
  }
>
  <View
    style={
      Array [
        Object {
          "backgroundColor": "#000",
          "flexBasis": 0,
          "flexGrow": 1,
          "flexShrink": 1,
          "paddingBottom": 0,
          "paddingLeft": 32,
          "paddingRight": 32,
          "paddingTop": 0,
        },
        undefined,
      ]
    }
  >
    <View
      style={
        Array [
          Object {
            "alignSelf": "stretch",
            "flexDirection": "column",
          },
          Object {
            "marginBottom": 20,
            "marginTop": 32,
          },
        ]
      }
      testID="container-id"
    >
      <View
        style={
          Array [
            Array [
              Object {
                "alignSelf": "stretch",
                "borderBottomColor": "white",
                "borderBottomWidth": 1,
                "flexDirection": "column",
                "justifyContent": "space-between",
              },
              Object {
                "borderColor": "white",
              },
            ],
            false,
            Object {
              "borderColor": "white",
            },
            Object {
              "borderBottomColor": "white",
            },
          ]
        }
      >
        <Text
          style={
            Array [
              Array [
                Object {
                  "color": "#6D6D6D",
                  "fontSize": 14,
                  "paddingHorizontal": 4,
                },
                undefined,
              ],
              false,
              Object {},
            ]
          }
        >
          Email
        </Text>
        <TextInput
          allowFontScaling={true}
          autoCapitalize="none"
          editable={true}
          multiline={false}
          onBlur={[Function]}
          onChangeText={[Function]}
          onFocus={[Function]}
          onSubmitEditing={[Function]}
          placeholder="hello@example.com"
          placeholderTextColor="#6D6D6D"
          rejectResponderTermination={true}
          secureTextEntry={false}
          style={
            Array [
              Array [
                Object {
                  "color": "white",
                  "fontSize": 14,
                  "paddingHorizontal": 10,
                  "paddingVertical": 10,
                },
                Object {
                  "color": "white",
                },
              ],
              false,
            ]
          }
          testID="input-email"
          underlineColorAndroid="transparent"
          value=""
        />
      </View>
      <View
        style={
          Object {
            "flex": 1,
            "flexDirection": "row",
            "justifyContent": "space-between",
          }
        }
      >
        <Text
          style={
            Array [
              Array [
                Object {
                  "color": "#FF002E",
                  "fontSize": 12,
                  "marginTop": 8,
                  "paddingHorizontal": 10,
                },
                undefined,
              ],
              Object {
                "color": "#FF002E",
                "flex": 1,
              },
            ]
          }
        >
          
        </Text>
      </View>
    </View>
    <View
      style={
        Array [
          Object {
            "width": "100%",
          },
          undefined,
        ]
      }
    >
      <View
        accessible={true}
        focusable={true}
        onClick={[Function]}
        onResponderGrant={[Function]}
        onResponderMove={[Function]}
        onResponderRelease={[Function]}
        onResponderTerminate={[Function]}
        onResponderTerminationRequest={[Function]}
        onStartShouldSetResponder={[Function]}
        style={
          Object {
            "opacity": 1,
          }
        }
        testID="btn-find-pw"
      />
    </View>
  </View>
</RNCSafeAreaProvider>
`;
