// Jest Snapshot v1, https://goo.gl/fbAQLP

exports[`rendering test renders as expected 1`] = `
<RNCSafeAreaProvider
  onInsetsChange={[Function]}
  style={
    [
      {
        "flex": 1,
      },
      undefined,
    ]
  }
>
  <View
    style={
      [
        {
          "alignItems": "center",
          "backgroundColor": "#000",
          "flexBasis": 0,
          "flexDirection": "column",
          "flexGrow": 1,
          "flexShrink": 1,
        },
        undefined,
      ]
    }
  >
    <RCTScrollView
      contentContainerStyle={
        {
          "alignItems": "center",
          "justifyContent": "center",
        }
      }
      style={
        [
          {
            "alignSelf": "stretch",
          },
          undefined,
        ]
      }
    >
      <View>
        <View
          style={
            [
              {
                "alignItems": "center",
                "flexDirection": "column",
                "marginTop": 48,
                "width": "78%",
              },
              undefined,
            ]
          }
        >
          <View
            accessible={true}
            collapsable={false}
            focusable={true}
            onClick={[Function]}
            onResponderGrant={[Function]}
            onResponderMove={[Function]}
            onResponderRelease={[Function]}
            onResponderTerminate={[Function]}
            onResponderTerminationRequest={[Function]}
            onStartShouldSetResponder={[Function]}
            style={
              {
                "opacity": 1,
              }
            }
            testID="button-user-icon"
          >
            <View
              style={
                {
                  "height": 90,
                  "width": 90,
                }
              }
            >
              <Image
                source={
                  {
                    "canInstrument": true,
                    "createTransformer": [Function],
                    "getCacheKey": [Function],
                    "process": [Function],
                  }
                }
                style={
                  {
                    "height": 80,
                    "width": 80,
                  }
                }
              />
              <Image
                source={
                  {
                    "canInstrument": true,
                    "createTransformer": [Function],
                    "getCacheKey": [Function],
                    "process": [Function],
                  }
                }
                style={
                  {
                    "bottom": 0,
                    "position": "absolute",
                    "right": 0,
                  }
                }
              />
            </View>
          </View>
          <View
            style={
              [
                {
                  "alignSelf": "stretch",
                  "flexDirection": "column",
                },
                {
                  "marginTop": 26,
                },
              ]
            }
            testID="container-id"
          >
            <View
              style={
                [
                  [
                    {
                      "alignSelf": "stretch",
                      "borderBottomColor": "white",
                      "borderBottomWidth": 1,
                      "flexDirection": "column",
                      "justifyContent": "space-between",
                    },
                    {
                      "borderColor": "white",
                    },
                  ],
                  false,
                  {
                    "borderColor": "white",
                  },
                  {
                    "borderBottomColor": "white",
                  },
                ]
              }
            >
              <Text
                style={
                  [
                    [
                      {
                        "color": "#6D6D6D",
                        "fontSize": 14,
                        "paddingHorizontal": 4,
                      },
                      undefined,
                    ],
                    false,
                    {},
                  ]
                }
              >
                Nickname
              </Text>
              <TextInput
                autoCapitalize="none"
                autoCorrect={false}
                editable={true}
                multiline={false}
                onBlur={[Function]}
                onChangeText={[Function]}
                onFocus={[Function]}
                placeholder="A Nickname can help others find you"
                placeholderTextColor="#6D6D6D"
                secureTextEntry={false}
                style={
                  [
                    [
                      {
                        "color": "white",
                        "fontSize": 14,
                        "paddingHorizontal": 10,
                        "paddingVertical": 10,
                      },
                      {
                        "color": "white",
                      },
                    ],
                    false,
                  ]
                }
                testID="input-nickname"
                value=""
              />
            </View>
            <View
              style={
                {
                  "flex": 1,
                  "flexDirection": "row",
                  "justifyContent": "space-between",
                }
              }
            >
              <Text
                style={
                  [
                    [
                      {
                        "color": "#FF002E",
                        "fontSize": 12,
                        "marginTop": 8,
                        "paddingHorizontal": 10,
                      },
                      undefined,
                    ],
                    {
                      "color": "#FF002E",
                      "flex": 1,
                    },
                  ]
                }
              />
            </View>
          </View>
          <View
            style={
              [
                {
                  "alignSelf": "stretch",
                  "flexDirection": "column",
                },
                {
                  "marginTop": 12,
                },
              ]
            }
            testID="container-id"
          >
            <View
              style={
                [
                  [
                    {
                      "alignSelf": "stretch",
                      "borderBottomColor": "white",
                      "borderBottomWidth": 1,
                      "flexDirection": "column",
                      "justifyContent": "space-between",
                    },
                    {
                      "borderColor": "white",
                    },
                  ],
                  false,
                  {
                    "borderColor": "white",
                  },
                  {
                    "borderBottomColor": "white",
                  },
                ]
              }
            >
              <Text
                style={
                  [
                    [
                      {
                        "color": "#6D6D6D",
                        "fontSize": 14,
                        "paddingHorizontal": 4,
                      },
                      undefined,
                    ],
                    false,
                    {},
                  ]
                }
              >
                Name
              </Text>
              <TextInput
                autoCapitalize="none"
                autoCorrect={false}
                editable={true}
                multiline={false}
                onBlur={[Function]}
                onChangeText={[Function]}
                onFocus={[Function]}
                placeholder="Please write your name"
                placeholderTextColor="#6D6D6D"
                secureTextEntry={false}
                style={
                  [
                    [
                      {
                        "color": "white",
                        "fontSize": 14,
                        "paddingHorizontal": 10,
                        "paddingVertical": 10,
                      },
                      {
                        "color": "white",
                      },
                    ],
                    false,
                  ]
                }
                testID="input-name"
                value=""
              />
            </View>
            <View
              style={
                {
                  "flex": 1,
                  "flexDirection": "row",
                  "justifyContent": "space-between",
                }
              }
            >
              <Text
                style={
                  [
                    [
                      {
                        "color": "#FF002E",
                        "fontSize": 12,
                        "marginTop": 8,
                        "paddingHorizontal": 10,
                      },
                      undefined,
                    ],
                    {
                      "color": "#FF002E",
                      "flex": 1,
                    },
                  ]
                }
              />
            </View>
          </View>
          <View
            style={
              [
                {
                  "alignSelf": "stretch",
                  "flexDirection": "column",
                },
                {
                  "marginTop": 18,
                },
              ]
            }
            testID="container-id"
          >
            <View
              style={
                [
                  [
                    {
                      "alignSelf": "stretch",
                      "borderBottomColor": "white",
                      "borderBottomWidth": 1,
                      "flexDirection": "column",
                      "justifyContent": "space-between",
                    },
                    {
                      "borderColor": "white",
                      "borderWidth": 1,
                      "paddingHorizontal": 8,
                      "paddingVertical": 12,
                    },
                  ],
                  false,
                  {
                    "borderColor": "white",
                  },
                  {
                    "borderBottomColor": "white",
                  },
                ]
              }
            >
              <Text
                style={
                  [
                    [
                      {
                        "color": "#6D6D6D",
                        "fontSize": 14,
                        "paddingHorizontal": 4,
                      },
                      undefined,
                    ],
                    false,
                    {},
                  ]
                }
              >
                Status message
              </Text>
              <TextInput
                autoCapitalize="none"
                autoCorrect={false}
                editable={true}
                maxLength={60}
                multiline={true}
                onBlur={[Function]}
                onChangeText={[Function]}
                onFocus={[Function]}
                placeholder="Please write your status message"
                placeholderTextColor="#6D6D6D"
                secureTextEntry={false}
                style={
                  [
                    [
                      {
                        "color": "white",
                        "fontSize": 14,
                        "paddingHorizontal": 10,
                        "paddingVertical": 10,
                      },
                      {
                        "color": "white",
                        "marginTop": 12,
                      },
                    ],
                    false,
                  ]
                }
                testID="input-status"
                value=""
              />
            </View>
            <View
              style={
                {
                  "flex": 1,
                  "flexDirection": "row",
                  "justifyContent": "space-between",
                }
              }
            >
              <Text
                style={
                  [
                    [
                      {
                        "color": "#FF002E",
                        "fontSize": 12,
                        "marginTop": 8,
                        "paddingHorizontal": 10,
                      },
                      undefined,
                    ],
                    {
                      "color": "#FF002E",
                      "flex": 1,
                    },
                  ]
                }
              />
              <Text
                style={
                  [
                    {
                      "color": "white",
                      "fontSize": 12,
                      "marginTop": 8,
                      "paddingHorizontal": 10,
                    },
                    undefined,
                  ]
                }
              >
                0/60
              </Text>
            </View>
          </View>
          <View
            style={
              [
                {
                  "alignSelf": "stretch",
                  "flexDirection": "column",
                },
                {
                  "marginTop": 12,
                },
              ]
            }
            testID="container-id"
          >
            <View
              style={
                [
                  [
                    {
                      "alignSelf": "stretch",
                      "borderBottomColor": "white",
                      "borderBottomWidth": 1,
                      "flexDirection": "column",
                      "justifyContent": "space-between",
                    },
                    {
                      "borderColor": "white",
                    },
                  ],
                  false,
                  {
                    "borderColor": "white",
                  },
                  {
                    "borderBottomColor": "white",
                  },
                ]
              }
            >
              <Text
                style={
                  [
                    [
                      {
                        "color": "#6D6D6D",
                        "fontSize": 14,
                        "paddingHorizontal": 4,
                      },
                      undefined,
                    ],
                    false,
                    {},
                  ]
                }
              >
                Organization
              </Text>
              <TextInput
                autoCapitalize="none"
                autoCorrect={false}
                editable={true}
                multiline={false}
                onBlur={[Function]}
                onChangeText={[Function]}
                onFocus={[Function]}
                placeholder="Your organization."
                placeholderTextColor="#6D6D6D"
                secureTextEntry={false}
                style={
                  [
                    [
                      {
                        "color": "white",
                        "fontSize": 14,
                        "paddingHorizontal": 10,
                        "paddingVertical": 10,
                      },
                      {
                        "color": "white",
                      },
                    ],
                    false,
                  ]
                }
                value=""
              />
            </View>
            <View
              style={
                {
                  "flex": 1,
                  "flexDirection": "row",
                  "justifyContent": "space-between",
                }
              }
            >
              <Text
                style={
                  [
                    [
                      {
                        "color": "#FF002E",
                        "fontSize": 12,
                        "marginTop": 8,
                        "paddingHorizontal": 10,
                      },
                      undefined,
                    ],
                    {
                      "color": "#FF002E",
                      "flex": 1,
                    },
                  ]
                }
              />
            </View>
          </View>
          <View
            style={
              [
                {
                  "alignSelf": "stretch",
                  "flexDirection": "column",
                },
                {
                  "marginTop": 18,
                },
              ]
            }
            testID="container-id"
          >
            <View
              style={
                [
                  [
                    {
                      "alignSelf": "stretch",
                      "borderBottomColor": "white",
                      "borderBottomWidth": 1,
                      "flexDirection": "column",
                      "justifyContent": "space-between",
                    },
                    {
                      "borderColor": "white",
                      "borderWidth": 1,
                      "paddingHorizontal": 8,
                      "paddingVertical": 12,
                    },
                  ],
                  false,
                  {
                    "borderColor": "white",
                  },
                  {
                    "borderBottomColor": "white",
                  },
                ]
              }
            >
              <Text
                style={
                  [
                    [
                      {
                        "color": "#6D6D6D",
                        "fontSize": 14,
                        "paddingHorizontal": 4,
                      },
                      undefined,
                    ],
                    false,
                    {},
                  ]
                }
              >
                About me
              </Text>
              <TextInput
                autoCapitalize="none"
                autoCorrect={false}
                editable={true}
                maxLength={300}
                multiline={true}
                onBlur={[Function]}
                onChangeText={[Function]}
                onFocus={[Function]}
                placeholder="Who are you?"
                placeholderTextColor="#6D6D6D"
                secureTextEntry={false}
                style={
                  [
                    [
                      {
                        "color": "white",
                        "fontSize": 14,
                        "paddingHorizontal": 10,
                        "paddingVertical": 10,
                      },
                      {
                        "color": "white",
                        "marginTop": 12,
                      },
                    ],
                    false,
                  ]
                }
                value=""
              />
            </View>
            <View
              style={
                {
                  "flex": 1,
                  "flexDirection": "row",
                  "justifyContent": "space-between",
                }
              }
            >
              <Text
                style={
                  [
                    [
                      {
                        "color": "#FF002E",
                        "fontSize": 12,
                        "marginTop": 8,
                        "paddingHorizontal": 10,
                      },
                      undefined,
                    ],
                    {
                      "color": "#FF002E",
                      "flex": 1,
                    },
                  ]
                }
              />
              <Text
                style={
                  [
                    {
                      "color": "white",
                      "fontSize": 12,
                      "marginTop": 8,
                      "paddingHorizontal": 10,
                    },
                    undefined,
                  ]
                }
              >
                0/300
              </Text>
            </View>
          </View>
          <View
            style={
              [
                {
                  "alignSelf": "stretch",
                  "flexDirection": "column",
                },
                {
                  "marginTop": 18,
                },
              ]
            }
            testID="container-id"
          >
            <View
              style={
                [
                  [
                    {
                      "alignSelf": "stretch",
                      "borderBottomColor": "white",
                      "borderBottomWidth": 1,
                      "flexDirection": "column",
                      "justifyContent": "space-between",
                    },
                    {
                      "borderColor": "white",
                      "borderWidth": 1,
                      "paddingHorizontal": 8,
                      "paddingVertical": 12,
                    },
                  ],
                  false,
                  {
                    "borderColor": "white",
                  },
                  {
                    "borderBottomColor": "white",
                  },
                ]
              }
            >
              <Text
                style={
                  [
                    [
                      {
                        "color": "#6D6D6D",
                        "fontSize": 14,
                        "paddingHorizontal": 4,
                      },
                      undefined,
                    ],
                    false,
                    {},
                  ]
                }
              >
                Projects
              </Text>
              <TextInput
                autoCapitalize="none"
                autoCorrect={false}
                editable={true}
                maxLength={300}
                multiline={true}
                onBlur={[Function]}
                onChangeText={[Function]}
                onFocus={[Function]}
                placeholder="What are you working on and what have you done in the past?"
                placeholderTextColor="#6D6D6D"
                secureTextEntry={false}
                style={
                  [
                    [
                      {
                        "color": "white",
                        "fontSize": 14,
                        "paddingHorizontal": 10,
                        "paddingVertical": 10,
                      },
                      {
                        "color": "white",
                        "marginTop": 12,
                      },
                    ],
                    false,
                  ]
                }
                value=""
              />
            </View>
            <View
              style={
                {
                  "flex": 1,
                  "flexDirection": "row",
                  "justifyContent": "space-between",
                }
              }
            >
              <Text
                style={
                  [
                    [
                      {
                        "color": "#FF002E",
                        "fontSize": 12,
                        "marginTop": 8,
                        "paddingHorizontal": 10,
                      },
                      undefined,
                    ],
                    {
                      "color": "#FF002E",
                      "flex": 1,
                    },
                  ]
                }
              />
              <Text
                style={
                  [
                    {
                      "color": "white",
                      "fontSize": 12,
                      "marginTop": 8,
                      "paddingHorizontal": 10,
                    },
                    undefined,
                  ]
                }
              >
                0/300
              </Text>
            </View>
          </View>
          <View
            style={
              [
                {
                  "alignSelf": "stretch",
                  "flexDirection": "column",
                },
                {
                  "marginTop": 18,
                },
              ]
            }
            testID="container-id"
          >
            <View
              style={
                [
                  [
                    {
                      "alignSelf": "stretch",
                      "borderBottomColor": "white",
                      "borderBottomWidth": 1,
                      "flexDirection": "column",
                      "justifyContent": "space-between",
                    },
                    {
                      "borderColor": "white",
                      "borderWidth": 1,
                      "paddingHorizontal": 8,
                      "paddingVertical": 12,
                    },
                  ],
                  false,
                  {
                    "borderColor": "white",
                  },
                  {
                    "borderBottomColor": "white",
                  },
                ]
              }
            >
              <Text
                style={
                  [
                    [
                      {
                        "color": "#6D6D6D",
                        "fontSize": 14,
                        "paddingHorizontal": 4,
                      },
                      undefined,
                    ],
                    false,
                    {},
                  ]
                }
              >
                Positions
              </Text>
              <TextInput
                autoCapitalize="none"
                autoCorrect={false}
                editable={true}
                maxLength={300}
                multiline={true}
                onBlur={[Function]}
                onChangeText={[Function]}
                onFocus={[Function]}
                placeholder="What were your titles in the past?"
                placeholderTextColor="#6D6D6D"
                secureTextEntry={false}
                style={
                  [
                    [
                      {
                        "color": "white",
                        "fontSize": 14,
                        "paddingHorizontal": 10,
                        "paddingVertical": 10,
                      },
                      {
                        "color": "white",
                        "marginTop": 12,
                      },
                    ],
                    false,
                  ]
                }
                value=""
              />
            </View>
            <View
              style={
                {
                  "flex": 1,
                  "flexDirection": "row",
                  "justifyContent": "space-between",
                }
              }
            >
              <Text
                style={
                  [
                    [
                      {
                        "color": "#FF002E",
                        "fontSize": 12,
                        "marginTop": 8,
                        "paddingHorizontal": 10,
                      },
                      undefined,
                    ],
                    {
                      "color": "#FF002E",
                      "flex": 1,
                    },
                  ]
                }
              />
              <Text
                style={
                  [
                    {
                      "color": "white",
                      "fontSize": 12,
                      "marginTop": 8,
                      "paddingHorizontal": 10,
                    },
                    undefined,
                  ]
                }
              >
                0/300
              </Text>
            </View>
          </View>
          <View
            style={
              [
                {
                  "alignSelf": "stretch",
                  "flexDirection": "column",
                },
                {
                  "marginTop": 18,
                },
              ]
            }
            testID="container-id"
          >
            <View
              style={
                [
                  [
                    {
                      "alignSelf": "stretch",
                      "borderBottomColor": "white",
                      "borderBottomWidth": 1,
                      "flexDirection": "column",
                      "justifyContent": "space-between",
                    },
                    {
                      "borderColor": "white",
                      "borderWidth": 1,
                      "paddingHorizontal": 8,
                      "paddingVertical": 12,
                    },
                  ],
                  false,
                  {
                    "borderColor": "white",
                  },
                  {
                    "borderBottomColor": "white",
                  },
                ]
              }
            >
              <Text
                style={
                  [
                    [
                      {
                        "color": "#6D6D6D",
                        "fontSize": 14,
                        "paddingHorizontal": 4,
                      },
                      undefined,
                    ],
                    false,
                    {},
                  ]
                }
              >
                Speakings
              </Text>
              <TextInput
                autoCapitalize="none"
                autoCorrect={false}
                editable={true}
                maxLength={300}
                multiline={true}
                onBlur={[Function]}
                onChangeText={[Function]}
                onFocus={[Function]}
                placeholder="What have you spoke about in the past?"
                placeholderTextColor="#6D6D6D"
                secureTextEntry={false}
                style={
                  [
                    [
                      {
                        "color": "white",
                        "fontSize": 14,
                        "paddingHorizontal": 10,
                        "paddingVertical": 10,
                      },
                      {
                        "color": "white",
                        "marginTop": 12,
                      },
                    ],
                    false,
                  ]
                }
                value=""
              />
            </View>
            <View
              style={
                {
                  "flex": 1,
                  "flexDirection": "row",
                  "justifyContent": "space-between",
                }
              }
            >
              <Text
                style={
                  [
                    [
                      {
                        "color": "#FF002E",
                        "fontSize": 12,
                        "marginTop": 8,
                        "paddingHorizontal": 10,
                      },
                      undefined,
                    ],
                    {
                      "color": "#FF002E",
                      "flex": 1,
                    },
                  ]
                }
              />
              <Text
                style={
                  [
                    {
                      "color": "white",
                      "fontSize": 12,
                      "marginTop": 8,
                      "paddingHorizontal": 10,
                    },
                    undefined,
                  ]
                }
              >
                0/300
              </Text>
            </View>
          </View>
          <View
            style={
              [
                {
                  "alignSelf": "stretch",
                  "flexDirection": "column",
                },
                {
                  "marginTop": 18,
                },
              ]
            }
            testID="container-id"
          >
            <View
              style={
                [
                  [
                    {
                      "alignSelf": "stretch",
                      "borderBottomColor": "white",
                      "borderBottomWidth": 1,
                      "flexDirection": "column",
                      "justifyContent": "space-between",
                    },
                    {
                      "borderColor": "white",
                      "borderWidth": 1,
                      "paddingHorizontal": 8,
                      "paddingVertical": 12,
                    },
                  ],
                  false,
                  {
                    "borderColor": "white",
                  },
                  {
                    "borderBottomColor": "white",
                  },
                ]
              }
            >
              <Text
                style={
                  [
                    [
                      {
                        "color": "#6D6D6D",
                        "fontSize": 14,
                        "paddingHorizontal": 4,
                      },
                      undefined,
                    ],
                    false,
                    {},
                  ]
                }
              >
                Contributions
              </Text>
              <TextInput
                autoCapitalize="none"
                autoCorrect={false}
                editable={true}
                maxLength={300}
                multiline={true}
                onBlur={[Function]}
                onChangeText={[Function]}
                onFocus={[Function]}
                placeholder="What were your contributions?"
                placeholderTextColor="#6D6D6D"
                secureTextEntry={false}
                style={
                  [
                    [
                      {
                        "color": "white",
                        "fontSize": 14,
                        "paddingHorizontal": 10,
                        "paddingVertical": 10,
                      },
                      {
                        "color": "white",
                        "marginTop": 12,
                      },
                    ],
                    false,
                  ]
                }
                value=""
              />
            </View>
            <View
              style={
                {
                  "flex": 1,
                  "flexDirection": "row",
                  "justifyContent": "space-between",
                }
              }
            >
              <Text
                style={
                  [
                    [
                      {
                        "color": "#FF002E",
                        "fontSize": 12,
                        "marginTop": 8,
                        "paddingHorizontal": 10,
                      },
                      undefined,
                    ],
                    {
                      "color": "#FF002E",
                      "flex": 1,
                    },
                  ]
                }
              />
              <Text
                style={
                  [
                    {
                      "color": "white",
                      "fontSize": 12,
                      "marginTop": 8,
                      "paddingHorizontal": 10,
                    },
                    undefined,
                  ]
                }
              >
                0/300
              </Text>
            </View>
          </View>
          <View
            style={
              [
                {
                  "alignItems": "center",
                  "alignSelf": "stretch",
                  "flexBasis": 0,
                  "flexDirection": "row",
                  "flexGrow": 1,
                  "flexShrink": 1,
                  "height": 60,
                  "justifyContent": "space-between",
                  "marginBottom": 48,
                  "marginTop": 36,
                },
                undefined,
              ]
            }
          >
            <View
              accessible={true}
              collapsable={false}
              focusable={true}
              onClick={[Function]}
              onResponderGrant={[Function]}
              onResponderMove={[Function]}
              onResponderRelease={[Function]}
              onResponderTerminate={[Function]}
              onResponderTerminationRequest={[Function]}
              onStartShouldSetResponder={[Function]}
              style={
                {
                  "alignSelf": "stretch",
                  "flex": 1,
                  "opacity": 1,
                }
              }
              testID="button-update"
            />
          </View>
        </View>
      </View>
    </RCTScrollView>
  </View>
</RNCSafeAreaProvider>
`;
