// Jest Snapshot v1, https://goo.gl/fbAQLP

exports[`[FriendProvider] rendering test component and snapshot matches 1`] = `
<View
  pointerEvents="box-none"
  style={
    Object {
      "flex": 1,
    }
  }
>
  <View
    collapsable={true}
    pointerEvents="box-none"
    style={
      Object {
        "flex": 1,
      }
    }
  >
    <View
      testID="fake-child"
    >
      <Button
        testID="btn-add-1"
        title="add"
      />
      <Button
        testID="btn-add-2"
        title="add"
      />
      <Button
        testID="btn-delete-1"
        title="delete"
      />
      <Button
        testID="btn-delete-2"
        title="delete"
      />
      <ScrollView
        data={
          Array [
            Object {
              "id": "0",
              "isOnline": true,
              "nickname": "hello",
              "photoURL": "",
              "statusMessage": "I am fine today",
              "thumbURL": "",
            },
          ]
        }
        disableVirtualization={false}
        horizontal={false}
        initialNumToRender={10}
        maxToRenderPerBatch={10}
        numColumns={1}
        onEndReachedThreshold={2}
        removeClippedSubviews={false}
        scrollEventThrottle={50}
        stickyHeaderIndices={Array []}
        testID="friend-list"
        updateCellsBatchingPeriod={50}
        viewabilityConfigCallbackPairs={Array []}
        windowSize={21}
      >
        <View
          style={null}
        >
          <View
            style={
              Array [
                Object {
                  "width": "100%",
                },
              ]
            }
          >
            <TouchableOpacity
              activeOpacity={0.5}
            >
              <View
                style={
                  Array [
                    Object {
                      "alignItems": "center",
                      "backgroundColor": "#ffffff",
                      "borderBottomWidth": 1,
                      "borderColor": "#e2f2ff",
                      "flexDirection": "row",
                      "height": 80,
                      "justifyContent": "flex-start",
                      "paddingBottom": 0,
                      "paddingLeft": 20,
                      "paddingRight": 20,
                      "paddingTop": 0,
                    },
                  ]
                }
              >
                <View
                  style={
                    Object {
                      "alignItems": "center",
                      "height": 40,
                      "justifyContent": "center",
                      "width": 40,
                    }
                  }
                >
                  <Text />
                </View>
                <Text
                  numberOfLines={1}
                  style={
                    Array [
                      Object {
                        "color": "#151A25",
                        "fontSize": 14,
                        "marginLeft": 12,
                        "width": 200,
                      },
                    ]
                  }
                >
                  hello
                </Text>
                <Text
                  style={
                    Array [
                      Object {
                        "borderColor": "#d3d8e8",
                        "borderWidth": 0.3,
                        "color": "#1E6EFA",
                        "fontSize": 12,
                        "maxWidth": 120,
                        "paddingBottom": 4,
                        "paddingLeft": 8,
                        "paddingRight": 8,
                        "paddingTop": 4,
                        "position": "absolute",
                        "right": 20,
                      },
                    ]
                  }
                >
                  I am fine today
                </Text>
              </View>
            </TouchableOpacity>
          </View>
        </View>
      </ScrollView>
    </View>
  </View>
</View>
`;
