// Jest Snapshot v1, https://goo.gl/fbAQLP

exports[`[Stack] navigator should renders without crashing 1`] = `
<RNCSafeAreaProvider
  onInsetsChange={[Function]}
  style={
    Array [
      Object {
        "flex": 1,
      },
      undefined,
    ]
  }
>
  <View
    style={
      Object {
        "alignSelf": "stretch",
        "backgroundColor": "#000",
        "flex": 1,
      }
    }
  >
    <View
      style={
        Object {
          "alignItems": "center",
          "alignSelf": "stretch",
          "backgroundColor": "(0, 0, 0, 0)",
          "flex": 1,
          "justifyContent": "center",
        }
      }
    >
      <Image
        collapsable={false}
        source={
          Object {
            "canInstrument": true,
            "createTransformer": [Function],
            "getCacheKey": [Function],
            "process": [Function],
          }
        }
        style={
          Object {
            "borderRadius": 28,
            "opacity": 0.75,
            "transform": Array [
              Object {
                "scale": 1.7,
              },
            ],
          }
        }
      />
    </View>
  </View>
</RNCSafeAreaProvider>
`;
